<?xml version="1.0" encoding="ISO-8859-1" ?>
<link_info>
   <banner>TI ARM Linker PC v20.2.7.LTS</banner>
   <copyright>Copyright (c) 1996-2018 Texas Instruments Incorporated</copyright>
   <link_time>0x6776c4a6</link_time>
   <link_errors>0x0</link_errors>
   <output_file>gpsProject.out</output_file>
   <entry_point>
      <name>_c_int00_noargs</name>
      <address>0x55c5</address>
   </entry_point>
   <input_file_list>
      <input_file id="fl-2">
         <path>.\</path>
         <kind>object</kind>
         <file>main.obj</file>
         <name>main.obj</name>
      </input_file>
      <input_file id="fl-3">
         <path>.\</path>
         <kind>object</kind>
         <file>tm4c123gh6pm_startup_ccs.obj</file>
         <name>tm4c123gh6pm_startup_ccs.obj</name>
      </input_file>
      <input_file id="fl-4">
         <path>.\src\</path>
         <kind>object</kind>
         <file>buffer.obj</file>
         <name>buffer.obj</name>
      </input_file>
      <input_file id="fl-5">
         <path>.\src\</path>
         <kind>object</kind>
         <file>context.obj</file>
         <name>context.obj</name>
      </input_file>
      <input_file id="fl-6">
         <path>.\src\</path>
         <kind>object</kind>
         <file>generate.obj</file>
         <name>generate.obj</name>
      </input_file>
      <input_file id="fl-7">
         <path>.\src\</path>
         <kind>object</kind>
         <file>generator.obj</file>
         <name>generator.obj</name>
      </input_file>
      <input_file id="fl-8">
         <path>.\src\</path>
         <kind>object</kind>
         <file>gmath.obj</file>
         <name>gmath.obj</name>
      </input_file>
      <input_file id="fl-9">
         <path>.\src\</path>
         <kind>object</kind>
         <file>info.obj</file>
         <name>info.obj</name>
      </input_file>
      <input_file id="fl-a">
         <path>.\src\</path>
         <kind>object</kind>
         <file>parse.obj</file>
         <name>parse.obj</name>
      </input_file>
      <input_file id="fl-b">
         <path>.\src\</path>
         <kind>object</kind>
         <file>parser.obj</file>
         <name>parser.obj</name>
      </input_file>
      <input_file id="fl-c">
         <path>.\src\</path>
         <kind>object</kind>
         <file>sentence.obj</file>
         <name>sentence.obj</name>
      </input_file>
      <input_file id="fl-d">
         <path>.\src\</path>
         <kind>object</kind>
         <file>time.obj</file>
         <name>time.obj</name>
      </input_file>
      <input_file id="fl-e">
         <path>.\src\</path>
         <kind>object</kind>
         <file>tok.obj</file>
         <name>tok.obj</name>
      </input_file>
      <input_file id="fl-13">
         <kind>object</kind>
         <file>&lt;internal&gt;</file>
         <name>&lt;internal&gt;</name>
      </input_file>
      <input_file id="fl-c9">
         <path>C:\ti\ccs1281\ccs\tools\compiler\ti-cgt-arm_20.2.7.LTS\lib\</path>
         <kind>archive</kind>
         <file>rtsv7M4_T_le_v4SPD16_eabi.lib</file>
         <name>e_acos.c.obj</name>
      </input_file>
      <input_file id="fl-ca">
         <path>C:\ti\ccs1281\ccs\tools\compiler\ti-cgt-arm_20.2.7.LTS\lib\</path>
         <kind>archive</kind>
         <file>rtsv7M4_T_le_v4SPD16_eabi.lib</file>
         <name>e_asin.c.obj</name>
      </input_file>
      <input_file id="fl-cb">
         <path>C:\ti\ccs1281\ccs\tools\compiler\ti-cgt-arm_20.2.7.LTS\lib\</path>
         <kind>archive</kind>
         <file>rtsv7M4_T_le_v4SPD16_eabi.lib</file>
         <name>e_atan2.c.obj</name>
      </input_file>
      <input_file id="fl-cc">
         <path>C:\ti\ccs1281\ccs\tools\compiler\ti-cgt-arm_20.2.7.LTS\lib\</path>
         <kind>archive</kind>
         <file>rtsv7M4_T_le_v4SPD16_eabi.lib</file>
         <name>e_pow.c.obj</name>
      </input_file>
      <input_file id="fl-cd">
         <path>C:\ti\ccs1281\ccs\tools\compiler\ti-cgt-arm_20.2.7.LTS\lib\</path>
         <kind>archive</kind>
         <file>rtsv7M4_T_le_v4SPD16_eabi.lib</file>
         <name>e_sqrt.c.obj</name>
      </input_file>
      <input_file id="fl-ce">
         <path>C:\ti\ccs1281\ccs\tools\compiler\ti-cgt-arm_20.2.7.LTS\lib\</path>
         <kind>archive</kind>
         <file>rtsv7M4_T_le_v4SPD16_eabi.lib</file>
         <name>s_atan.c.obj</name>
      </input_file>
      <input_file id="fl-cf">
         <path>C:\ti\ccs1281\ccs\tools\compiler\ti-cgt-arm_20.2.7.LTS\lib\</path>
         <kind>archive</kind>
         <file>rtsv7M4_T_le_v4SPD16_eabi.lib</file>
         <name>s_ceil.c.obj</name>
      </input_file>
      <input_file id="fl-d0">
         <path>C:\ti\ccs1281\ccs\tools\compiler\ti-cgt-arm_20.2.7.LTS\lib\</path>
         <kind>archive</kind>
         <file>rtsv7M4_T_le_v4SPD16_eabi.lib</file>
         <name>s_cos.c.obj</name>
      </input_file>
      <input_file id="fl-d1">
         <path>C:\ti\ccs1281\ccs\tools\compiler\ti-cgt-arm_20.2.7.LTS\lib\</path>
         <kind>archive</kind>
         <file>rtsv7M4_T_le_v4SPD16_eabi.lib</file>
         <name>s_modf.c.obj</name>
      </input_file>
      <input_file id="fl-d2">
         <path>C:\ti\ccs1281\ccs\tools\compiler\ti-cgt-arm_20.2.7.LTS\lib\</path>
         <kind>archive</kind>
         <file>rtsv7M4_T_le_v4SPD16_eabi.lib</file>
         <name>s_scalbn.c.obj</name>
      </input_file>
      <input_file id="fl-d3">
         <path>C:\ti\ccs1281\ccs\tools\compiler\ti-cgt-arm_20.2.7.LTS\lib\</path>
         <kind>archive</kind>
         <file>rtsv7M4_T_le_v4SPD16_eabi.lib</file>
         <name>s_sin.c.obj</name>
      </input_file>
      <input_file id="fl-d4">
         <path>C:\ti\ccs1281\ccs\tools\compiler\ti-cgt-arm_20.2.7.LTS\lib\</path>
         <kind>archive</kind>
         <file>rtsv7M4_T_le_v4SPD16_eabi.lib</file>
         <name>s_tan.c.obj</name>
      </input_file>
      <input_file id="fl-d5">
         <path>C:\ti\ccs1281\ccs\tools\compiler\ti-cgt-arm_20.2.7.LTS\lib\</path>
         <kind>archive</kind>
         <file>rtsv7M4_T_le_v4SPD16_eabi.lib</file>
         <name>snprintf.c.obj</name>
      </input_file>
      <input_file id="fl-d6">
         <path>C:\ti\ccs1281\ccs\tools\compiler\ti-cgt-arm_20.2.7.LTS\lib\</path>
         <kind>archive</kind>
         <file>rtsv7M4_T_le_v4SPD16_eabi.lib</file>
         <name>vsnprintf.c.obj</name>
      </input_file>
      <input_file id="fl-d7">
         <path>C:\ti\ccs1281\ccs\tools\compiler\ti-cgt-arm_20.2.7.LTS\lib\</path>
         <kind>archive</kind>
         <file>rtsv7M4_T_le_v4SPD16_eabi.lib</file>
         <name>fd_add_t2.asm.obj</name>
      </input_file>
      <input_file id="fl-d8">
         <path>C:\ti\ccs1281\ccs\tools\compiler\ti-cgt-arm_20.2.7.LTS\lib\</path>
         <kind>archive</kind>
         <file>rtsv7M4_T_le_v4SPD16_eabi.lib</file>
         <name>fd_cmp_t2.asm.obj</name>
      </input_file>
      <input_file id="fl-d9">
         <path>C:\ti\ccs1281\ccs\tools\compiler\ti-cgt-arm_20.2.7.LTS\lib\</path>
         <kind>archive</kind>
         <file>rtsv7M4_T_le_v4SPD16_eabi.lib</file>
         <name>fd_div_t2.asm.obj</name>
      </input_file>
      <input_file id="fl-da">
         <path>C:\ti\ccs1281\ccs\tools\compiler\ti-cgt-arm_20.2.7.LTS\lib\</path>
         <kind>archive</kind>
         <file>rtsv7M4_T_le_v4SPD16_eabi.lib</file>
         <name>fd_mul_t2.asm.obj</name>
      </input_file>
      <input_file id="fl-db">
         <path>C:\ti\ccs1281\ccs\tools\compiler\ti-cgt-arm_20.2.7.LTS\lib\</path>
         <kind>archive</kind>
         <file>rtsv7M4_T_le_v4SPD16_eabi.lib</file>
         <name>fd_toi_t2.asm.obj</name>
      </input_file>
      <input_file id="fl-dc">
         <path>C:\ti\ccs1281\ccs\tools\compiler\ti-cgt-arm_20.2.7.LTS\lib\</path>
         <kind>archive</kind>
         <file>rtsv7M4_T_le_v4SPD16_eabi.lib</file>
         <name>i_tofd_t2.asm.obj</name>
      </input_file>
      <input_file id="fl-dd">
         <path>C:\ti\ccs1281\ccs\tools\compiler\ti-cgt-arm_20.2.7.LTS\lib\</path>
         <kind>archive</kind>
         <file>rtsv7M4_T_le_v4SPD16_eabi.lib</file>
         <name>memcpy_t2.asm.obj</name>
      </input_file>
      <input_file id="fl-de">
         <path>C:\ti\ccs1281\ccs\tools\compiler\ti-cgt-arm_20.2.7.LTS\lib\</path>
         <kind>archive</kind>
         <file>rtsv7M4_T_le_v4SPD16_eabi.lib</file>
         <name>memset_t2.asm.obj</name>
      </input_file>
      <input_file id="fl-df">
         <path>C:\ti\ccs1281\ccs\tools\compiler\ti-cgt-arm_20.2.7.LTS\lib\</path>
         <kind>archive</kind>
         <file>rtsv7M4_T_le_v4SPD16_eabi.lib</file>
         <name>copy_zero_init.c.obj</name>
      </input_file>
      <input_file id="fl-e0">
         <path>C:\ti\ccs1281\ccs\tools\compiler\ti-cgt-arm_20.2.7.LTS\lib\</path>
         <kind>archive</kind>
         <file>rtsv7M4_T_le_v4SPD16_eabi.lib</file>
         <name>copy_decompress_none.c.obj</name>
      </input_file>
      <input_file id="fl-e1">
         <path>C:\ti\ccs1281\ccs\tools\compiler\ti-cgt-arm_20.2.7.LTS\lib\</path>
         <kind>archive</kind>
         <file>rtsv7M4_T_le_v4SPD16_eabi.lib</file>
         <name>copy_decompress_lzss.c.obj</name>
      </input_file>
      <input_file id="fl-e2">
         <path>C:\ti\ccs1281\ccs\tools\compiler\ti-cgt-arm_20.2.7.LTS\lib\</path>
         <kind>archive</kind>
         <file>rtsv7M4_T_le_v4SPD16_eabi.lib</file>
         <name>assert.c.obj</name>
      </input_file>
      <input_file id="fl-e3">
         <path>C:\ti\ccs1281\ccs\tools\compiler\ti-cgt-arm_20.2.7.LTS\lib\</path>
         <kind>archive</kind>
         <file>rtsv7M4_T_le_v4SPD16_eabi.lib</file>
         <name>defs.c.obj</name>
      </input_file>
      <input_file id="fl-e4">
         <path>C:\ti\ccs1281\ccs\tools\compiler\ti-cgt-arm_20.2.7.LTS\lib\</path>
         <kind>archive</kind>
         <file>rtsv7M4_T_le_v4SPD16_eabi.lib</file>
         <name>gmtime.c.obj</name>
      </input_file>
      <input_file id="fl-e5">
         <path>C:\ti\ccs1281\ccs\tools\compiler\ti-cgt-arm_20.2.7.LTS\lib\</path>
         <kind>archive</kind>
         <file>rtsv7M4_T_le_v4SPD16_eabi.lib</file>
         <name>isdigit.c.obj</name>
      </input_file>
      <input_file id="fl-e6">
         <path>C:\ti\ccs1281\ccs\tools\compiler\ti-cgt-arm_20.2.7.LTS\lib\</path>
         <kind>archive</kind>
         <file>rtsv7M4_T_le_v4SPD16_eabi.lib</file>
         <name>localtim.c.obj</name>
      </input_file>
      <input_file id="fl-e7">
         <path>C:\ti\ccs1281\ccs\tools\compiler\ti-cgt-arm_20.2.7.LTS\lib\</path>
         <kind>archive</kind>
         <file>rtsv7M4_T_le_v4SPD16_eabi.lib</file>
         <name>memchr.c.obj</name>
      </input_file>
      <input_file id="fl-e8">
         <path>C:\ti\ccs1281\ccs\tools\compiler\ti-cgt-arm_20.2.7.LTS\lib\</path>
         <kind>archive</kind>
         <file>rtsv7M4_T_le_v4SPD16_eabi.lib</file>
         <name>memcmp.c.obj</name>
      </input_file>
      <input_file id="fl-e9">
         <path>C:\ti\ccs1281\ccs\tools\compiler\ti-cgt-arm_20.2.7.LTS\lib\</path>
         <kind>archive</kind>
         <file>rtsv7M4_T_le_v4SPD16_eabi.lib</file>
         <name>memory.c.obj</name>
      </input_file>
      <input_file id="fl-ea">
         <path>C:\ti\ccs1281\ccs\tools\compiler\ti-cgt-arm_20.2.7.LTS\lib\</path>
         <kind>archive</kind>
         <file>rtsv7M4_T_le_v4SPD16_eabi.lib</file>
         <name>mktime.c.obj</name>
      </input_file>
      <input_file id="fl-eb">
         <path>C:\ti\ccs1281\ccs\tools\compiler\ti-cgt-arm_20.2.7.LTS\lib\</path>
         <kind>archive</kind>
         <file>rtsv7M4_T_le_v4SPD16_eabi.lib</file>
         <name>rand.c.obj</name>
      </input_file>
      <input_file id="fl-ec">
         <path>C:\ti\ccs1281\ccs\tools\compiler\ti-cgt-arm_20.2.7.LTS\lib\</path>
         <kind>archive</kind>
         <file>rtsv7M4_T_le_v4SPD16_eabi.lib</file>
         <name>strlen.c.obj</name>
      </input_file>
      <input_file id="fl-ed">
         <path>C:\ti\ccs1281\ccs\tools\compiler\ti-cgt-arm_20.2.7.LTS\lib\</path>
         <kind>archive</kind>
         <file>rtsv7M4_T_le_v4SPD16_eabi.lib</file>
         <name>strtod.c.obj</name>
      </input_file>
      <input_file id="fl-ee">
         <path>C:\ti\ccs1281\ccs\tools\compiler\ti-cgt-arm_20.2.7.LTS\lib\</path>
         <kind>archive</kind>
         <file>rtsv7M4_T_le_v4SPD16_eabi.lib</file>
         <name>strtol.c.obj</name>
      </input_file>
      <input_file id="fl-ef">
         <path>C:\ti\ccs1281\ccs\tools\compiler\ti-cgt-arm_20.2.7.LTS\lib\</path>
         <kind>archive</kind>
         <file>rtsv7M4_T_le_v4SPD16_eabi.lib</file>
         <name>tmzone.c.obj</name>
      </input_file>
      <input_file id="fl-f0">
         <path>C:\ti\ccs1281\ccs\tools\compiler\ti-cgt-arm_20.2.7.LTS\lib\</path>
         <kind>archive</kind>
         <file>rtsv7M4_T_le_v4SPD16_eabi.lib</file>
         <name>k_rem_pio2.c.obj</name>
      </input_file>
      <input_file id="fl-f1">
         <path>C:\ti\ccs1281\ccs\tools\compiler\ti-cgt-arm_20.2.7.LTS\lib\</path>
         <kind>archive</kind>
         <file>rtsv7M4_T_le_v4SPD16_eabi.lib</file>
         <name>boot_cortex_m.c.obj</name>
      </input_file>
      <input_file id="fl-f2">
         <path>C:\ti\ccs1281\ccs\tools\compiler\ti-cgt-arm_20.2.7.LTS\lib\</path>
         <kind>archive</kind>
         <file>rtsv7M4_T_le_v4SPD16_eabi.lib</file>
         <name>time.c.obj</name>
      </input_file>
      <input_file id="fl-f3">
         <path>C:\ti\ccs1281\ccs\tools\compiler\ti-cgt-arm_20.2.7.LTS\lib\</path>
         <kind>archive</kind>
         <file>rtsv7M4_T_le_v4SPD16_eabi.lib</file>
         <name>errno.c.obj</name>
      </input_file>
      <input_file id="fl-f4">
         <path>C:\ti\ccs1281\ccs\tools\compiler\ti-cgt-arm_20.2.7.LTS\lib\</path>
         <kind>archive</kind>
         <file>rtsv7M4_T_le_v4SPD16_eabi.lib</file>
         <name>s_copysign.c.obj</name>
      </input_file>
      <input_file id="fl-f5">
         <path>C:\ti\ccs1281\ccs\tools\compiler\ti-cgt-arm_20.2.7.LTS\lib\</path>
         <kind>archive</kind>
         <file>rtsv7M4_T_le_v4SPD16_eabi.lib</file>
         <name>k_cos.c.obj</name>
      </input_file>
      <input_file id="fl-f6">
         <path>C:\ti\ccs1281\ccs\tools\compiler\ti-cgt-arm_20.2.7.LTS\lib\</path>
         <kind>archive</kind>
         <file>rtsv7M4_T_le_v4SPD16_eabi.lib</file>
         <name>k_sin.c.obj</name>
      </input_file>
      <input_file id="fl-f7">
         <path>C:\ti\ccs1281\ccs\tools\compiler\ti-cgt-arm_20.2.7.LTS\lib\</path>
         <kind>archive</kind>
         <file>rtsv7M4_T_le_v4SPD16_eabi.lib</file>
         <name>k_tan.c.obj</name>
      </input_file>
      <input_file id="fl-f8">
         <path>C:\ti\ccs1281\ccs\tools\compiler\ti-cgt-arm_20.2.7.LTS\lib\</path>
         <kind>archive</kind>
         <file>rtsv7M4_T_le_v4SPD16_eabi.lib</file>
         <name>s_floor.c.obj</name>
      </input_file>
      <input_file id="fl-f9">
         <path>C:\ti\ccs1281\ccs\tools\compiler\ti-cgt-arm_20.2.7.LTS\lib\</path>
         <kind>archive</kind>
         <file>rtsv7M4_T_le_v4SPD16_eabi.lib</file>
         <name>_printfi.c.obj</name>
      </input_file>
      <input_file id="fl-fa">
         <path>C:\ti\ccs1281\ccs\tools\compiler\ti-cgt-arm_20.2.7.LTS\lib\</path>
         <kind>archive</kind>
         <file>rtsv7M4_T_le_v4SPD16_eabi.lib</file>
         <name>fflush.c.obj</name>
      </input_file>
      <input_file id="fl-fb">
         <path>C:\ti\ccs1281\ccs\tools\compiler\ti-cgt-arm_20.2.7.LTS\lib\</path>
         <kind>archive</kind>
         <file>rtsv7M4_T_le_v4SPD16_eabi.lib</file>
         <name>fputs.c.obj</name>
      </input_file>
      <input_file id="fl-fc">
         <path>C:\ti\ccs1281\ccs\tools\compiler\ti-cgt-arm_20.2.7.LTS\lib\</path>
         <kind>archive</kind>
         <file>rtsv7M4_T_le_v4SPD16_eabi.lib</file>
         <name>_io_perm.c.obj</name>
      </input_file>
      <input_file id="fl-fd">
         <path>C:\ti\ccs1281\ccs\tools\compiler\ti-cgt-arm_20.2.7.LTS\lib\</path>
         <kind>archive</kind>
         <file>rtsv7M4_T_le_v4SPD16_eabi.lib</file>
         <name>setvbuf.c.obj</name>
      </input_file>
      <input_file id="fl-fe">
         <path>C:\ti\ccs1281\ccs\tools\compiler\ti-cgt-arm_20.2.7.LTS\lib\</path>
         <kind>archive</kind>
         <file>rtsv7M4_T_le_v4SPD16_eabi.lib</file>
         <name>u_divt2.asm.obj</name>
      </input_file>
      <input_file id="fl-ff">
         <path>C:\ti\ccs1281\ccs\tools\compiler\ti-cgt-arm_20.2.7.LTS\lib\</path>
         <kind>archive</kind>
         <file>rtsv7M4_T_le_v4SPD16_eabi.lib</file>
         <name>ll_div_t2.asm.obj</name>
      </input_file>
      <input_file id="fl-100">
         <path>C:\ti\ccs1281\ccs\tools\compiler\ti-cgt-arm_20.2.7.LTS\lib\</path>
         <kind>archive</kind>
         <file>rtsv7M4_T_le_v4SPD16_eabi.lib</file>
         <name>ull_div_t2.asm.obj</name>
      </input_file>
      <input_file id="fl-101">
         <path>C:\ti\ccs1281\ccs\tools\compiler\ti-cgt-arm_20.2.7.LTS\lib\</path>
         <kind>archive</kind>
         <file>rtsv7M4_T_le_v4SPD16_eabi.lib</file>
         <name>autoinit.c.obj</name>
      </input_file>
      <input_file id="fl-102">
         <path>C:\ti\ccs1281\ccs\tools\compiler\ti-cgt-arm_20.2.7.LTS\lib\</path>
         <kind>archive</kind>
         <file>rtsv7M4_T_le_v4SPD16_eabi.lib</file>
         <name>pre_init.c.obj</name>
      </input_file>
      <input_file id="fl-103">
         <path>C:\ti\ccs1281\ccs\tools\compiler\ti-cgt-arm_20.2.7.LTS\lib\</path>
         <kind>archive</kind>
         <file>rtsv7M4_T_le_v4SPD16_eabi.lib</file>
         <name>cpy_tbl.c.obj</name>
      </input_file>
      <input_file id="fl-104">
         <path>C:\ti\ccs1281\ccs\tools\compiler\ti-cgt-arm_20.2.7.LTS\lib\</path>
         <kind>archive</kind>
         <file>rtsv7M4_T_le_v4SPD16_eabi.lib</file>
         <name>exit.c.obj</name>
      </input_file>
      <input_file id="fl-105">
         <path>C:\ti\ccs1281\ccs\tools\compiler\ti-cgt-arm_20.2.7.LTS\lib\</path>
         <kind>archive</kind>
         <file>rtsv7M4_T_le_v4SPD16_eabi.lib</file>
         <name>_lock.c.obj</name>
      </input_file>
      <input_file id="fl-106">
         <path>C:\ti\ccs1281\ccs\tools\compiler\ti-cgt-arm_20.2.7.LTS\lib\</path>
         <kind>archive</kind>
         <file>rtsv7M4_T_le_v4SPD16_eabi.lib</file>
         <name>_ltoa.c.obj</name>
      </input_file>
      <input_file id="fl-107">
         <path>C:\ti\ccs1281\ccs\tools\compiler\ti-cgt-arm_20.2.7.LTS\lib\</path>
         <kind>archive</kind>
         <file>rtsv7M4_T_le_v4SPD16_eabi.lib</file>
         <name>args_main.c.obj</name>
      </input_file>
      <input_file id="fl-108">
         <path>C:\ti\ccs1281\ccs\tools\compiler\ti-cgt-arm_20.2.7.LTS\lib\</path>
         <kind>archive</kind>
         <file>rtsv7M4_T_le_v4SPD16_eabi.lib</file>
         <name>atoi.c.obj</name>
      </input_file>
      <input_file id="fl-109">
         <path>C:\ti\ccs1281\ccs\tools\compiler\ti-cgt-arm_20.2.7.LTS\lib\</path>
         <kind>archive</kind>
         <file>rtsv7M4_T_le_v4SPD16_eabi.lib</file>
         <name>ctype.c.obj</name>
      </input_file>
      <input_file id="fl-10a">
         <path>C:\ti\ccs1281\ccs\tools\compiler\ti-cgt-arm_20.2.7.LTS\lib\</path>
         <kind>archive</kind>
         <file>rtsv7M4_T_le_v4SPD16_eabi.lib</file>
         <name>memccpy.c.obj</name>
      </input_file>
      <input_file id="fl-10b">
         <path>C:\ti\ccs1281\ccs\tools\compiler\ti-cgt-arm_20.2.7.LTS\lib\</path>
         <kind>archive</kind>
         <file>rtsv7M4_T_le_v4SPD16_eabi.lib</file>
         <name>strchr.c.obj</name>
      </input_file>
      <input_file id="fl-10c">
         <path>C:\ti\ccs1281\ccs\tools\compiler\ti-cgt-arm_20.2.7.LTS\lib\</path>
         <kind>archive</kind>
         <file>rtsv7M4_T_le_v4SPD16_eabi.lib</file>
         <name>write.c.obj</name>
      </input_file>
      <input_file id="fl-10d">
         <path>C:\ti\ccs1281\ccs\tools\compiler\ti-cgt-arm_20.2.7.LTS\lib\</path>
         <kind>archive</kind>
         <file>rtsv7M4_T_le_v4SPD16_eabi.lib</file>
         <name>hosttime.c.obj</name>
      </input_file>
      <input_file id="fl-10e">
         <path>C:\ti\ccs1281\ccs\tools\compiler\ti-cgt-arm_20.2.7.LTS\lib\</path>
         <kind>archive</kind>
         <file>rtsv7M4_T_le_v4SPD16_eabi.lib</file>
         <name>host_device.c.obj</name>
      </input_file>
      <input_file id="fl-10f">
         <path>C:\ti\ccs1281\ccs\tools\compiler\ti-cgt-arm_20.2.7.LTS\lib\</path>
         <kind>archive</kind>
         <file>rtsv7M4_T_le_v4SPD16_eabi.lib</file>
         <name>trgmsg.c.obj</name>
      </input_file>
      <input_file id="fl-110">
         <path>C:\ti\ccs1281\ccs\tools\compiler\ti-cgt-arm_20.2.7.LTS\lib\</path>
         <kind>archive</kind>
         <file>rtsv7M4_T_le_v4SPD16_eabi.lib</file>
         <name>wcslen.c.obj</name>
      </input_file>
      <input_file id="fl-111">
         <path>C:\ti\ccs1281\ccs\tools\compiler\ti-cgt-arm_20.2.7.LTS\lib\</path>
         <kind>archive</kind>
         <file>rtsv7M4_T_le_v4SPD16_eabi.lib</file>
         <name>s_frexp.c.obj</name>
      </input_file>
      <input_file id="fl-112">
         <path>C:\ti\ccs1281\ccs\tools\compiler\ti-cgt-arm_20.2.7.LTS\lib\</path>
         <kind>archive</kind>
         <file>rtsv7M4_T_le_v4SPD16_eabi.lib</file>
         <name>fopen.c.obj</name>
      </input_file>
      <input_file id="fl-113">
         <path>C:\ti\ccs1281\ccs\tools\compiler\ti-cgt-arm_20.2.7.LTS\lib\</path>
         <kind>archive</kind>
         <file>rtsv7M4_T_le_v4SPD16_eabi.lib</file>
         <name>fseek.c.obj</name>
      </input_file>
      <input_file id="fl-114">
         <path>C:\ti\ccs1281\ccs\tools\compiler\ti-cgt-arm_20.2.7.LTS\lib\</path>
         <kind>archive</kind>
         <file>rtsv7M4_T_le_v4SPD16_eabi.lib</file>
         <name>div0.asm.obj</name>
      </input_file>
      <input_file id="fl-115">
         <path>C:\ti\ccs1281\ccs\tools\compiler\ti-cgt-arm_20.2.7.LTS\lib\</path>
         <kind>archive</kind>
         <file>rtsv7M4_T_le_v4SPD16_eabi.lib</file>
         <name>hostclose.c.obj</name>
      </input_file>
      <input_file id="fl-116">
         <path>C:\ti\ccs1281\ccs\tools\compiler\ti-cgt-arm_20.2.7.LTS\lib\</path>
         <kind>archive</kind>
         <file>rtsv7M4_T_le_v4SPD16_eabi.lib</file>
         <name>hostlseek.c.obj</name>
      </input_file>
      <input_file id="fl-117">
         <path>C:\ti\ccs1281\ccs\tools\compiler\ti-cgt-arm_20.2.7.LTS\lib\</path>
         <kind>archive</kind>
         <file>rtsv7M4_T_le_v4SPD16_eabi.lib</file>
         <name>hostopen.c.obj</name>
      </input_file>
      <input_file id="fl-118">
         <path>C:\ti\ccs1281\ccs\tools\compiler\ti-cgt-arm_20.2.7.LTS\lib\</path>
         <kind>archive</kind>
         <file>rtsv7M4_T_le_v4SPD16_eabi.lib</file>
         <name>hostread.c.obj</name>
      </input_file>
      <input_file id="fl-119">
         <path>C:\ti\ccs1281\ccs\tools\compiler\ti-cgt-arm_20.2.7.LTS\lib\</path>
         <kind>archive</kind>
         <file>rtsv7M4_T_le_v4SPD16_eabi.lib</file>
         <name>hostrename.c.obj</name>
      </input_file>
      <input_file id="fl-11a">
         <path>C:\ti\ccs1281\ccs\tools\compiler\ti-cgt-arm_20.2.7.LTS\lib\</path>
         <kind>archive</kind>
         <file>rtsv7M4_T_le_v4SPD16_eabi.lib</file>
         <name>hostunlink.c.obj</name>
      </input_file>
      <input_file id="fl-11b">
         <path>C:\ti\ccs1281\ccs\tools\compiler\ti-cgt-arm_20.2.7.LTS\lib\</path>
         <kind>archive</kind>
         <file>rtsv7M4_T_le_v4SPD16_eabi.lib</file>
         <name>hostwrite.c.obj</name>
      </input_file>
      <input_file id="fl-11c">
         <path>C:\ti\ccs1281\ccs\tools\compiler\ti-cgt-arm_20.2.7.LTS\lib\</path>
         <kind>archive</kind>
         <file>rtsv7M4_T_le_v4SPD16_eabi.lib</file>
         <name>open.c.obj</name>
      </input_file>
      <input_file id="fl-11d">
         <path>C:\ti\ccs1281\ccs\tools\compiler\ti-cgt-arm_20.2.7.LTS\lib\</path>
         <kind>archive</kind>
         <file>rtsv7M4_T_le_v4SPD16_eabi.lib</file>
         <name>lseek.c.obj</name>
      </input_file>
      <input_file id="fl-11e">
         <path>C:\ti\ccs1281\ccs\tools\compiler\ti-cgt-arm_20.2.7.LTS\lib\</path>
         <kind>archive</kind>
         <file>rtsv7M4_T_le_v4SPD16_eabi.lib</file>
         <name>fclose.c.obj</name>
      </input_file>
      <input_file id="fl-11f">
         <path>C:\ti\ccs1281\ccs\tools\compiler\ti-cgt-arm_20.2.7.LTS\lib\</path>
         <kind>archive</kind>
         <file>rtsv7M4_T_le_v4SPD16_eabi.lib</file>
         <name>getdevice.c.obj</name>
      </input_file>
      <input_file id="fl-120">
         <path>C:\ti\ccs1281\ccs\tools\compiler\ti-cgt-arm_20.2.7.LTS\lib\</path>
         <kind>archive</kind>
         <file>rtsv7M4_T_le_v4SPD16_eabi.lib</file>
         <name>strcmp.c.obj</name>
      </input_file>
      <input_file id="fl-121">
         <path>C:\ti\ccs1281\ccs\tools\compiler\ti-cgt-arm_20.2.7.LTS\lib\</path>
         <kind>archive</kind>
         <file>rtsv7M4_T_le_v4SPD16_eabi.lib</file>
         <name>strcpy.c.obj</name>
      </input_file>
      <input_file id="fl-122">
         <path>C:\ti\ccs1281\ccs\tools\compiler\ti-cgt-arm_20.2.7.LTS\lib\</path>
         <kind>archive</kind>
         <file>rtsv7M4_T_le_v4SPD16_eabi.lib</file>
         <name>strncpy.c.obj</name>
      </input_file>
      <input_file id="fl-123">
         <path>C:\ti\ccs1281\ccs\tools\compiler\ti-cgt-arm_20.2.7.LTS\lib\</path>
         <kind>archive</kind>
         <file>rtsv7M4_T_le_v4SPD16_eabi.lib</file>
         <name>remove.c.obj</name>
      </input_file>
      <input_file id="fl-124">
         <path>C:\ti\ccs1281\ccs\tools\compiler\ti-cgt-arm_20.2.7.LTS\lib\</path>
         <kind>archive</kind>
         <file>rtsv7M4_T_le_v4SPD16_eabi.lib</file>
         <name>close.c.obj</name>
      </input_file>
      <input_file id="fl-125">
         <path>C:\ti\ccs1281\ccs\tools\compiler\ti-cgt-arm_20.2.7.LTS\lib\</path>
         <kind>archive</kind>
         <file>rtsv7M4_T_le_v4SPD16_eabi.lib</file>
         <name>unlink.c.obj</name>
      </input_file>
      <input_file id="fl-126">
         <path>C:\ti\tivaware_c_series_2_1_4_178\driverlib\rvmdk\</path>
         <kind>archive</kind>
         <file>driverlib.lib</file>
         <name>gpio.o</name>
      </input_file>
      <input_file id="fl-127">
         <path>C:\ti\tivaware_c_series_2_1_4_178\driverlib\rvmdk\</path>
         <kind>archive</kind>
         <file>driverlib.lib</file>
         <name>interrupt.o</name>
      </input_file>
      <input_file id="fl-128">
         <path>C:\ti\tivaware_c_series_2_1_4_178\driverlib\rvmdk\</path>
         <kind>archive</kind>
         <file>driverlib.lib</file>
         <name>sysctl.o</name>
      </input_file>
      <input_file id="fl-129">
         <path>C:\ti\tivaware_c_series_2_1_4_178\driverlib\rvmdk\</path>
         <kind>archive</kind>
         <file>driverlib.lib</file>
         <name>uart.o</name>
      </input_file>
      <input_file id="fl-12a">
         <path>C:\ti\tivaware_c_series_2_1_4_178\driverlib\rvmdk\</path>
         <kind>archive</kind>
         <file>driverlib.lib</file>
         <name>cpu.o</name>
      </input_file>
   </input_file_list>
   <object_component_list>
      <object_component id="oc-12">
         <name>.intvecs</name>
         <load_address>0x0</load_address>
         <run_address>0x0</run_address>
         <size>0x26c</size>
         <input_file_ref idref="fl-3"/>
      </object_component>
      <object_component id="oc-151">
         <name>.text</name>
         <load_address>0x26c</load_address>
         <run_address>0x26c</run_address>
         <size>0xf0c</size>
         <input_file_ref idref="fl-a"/>
      </object_component>
      <object_component id="oc-159">
         <name>.text:__TI_printfi</name>
         <load_address>0x1178</load_address>
         <run_address>0x1178</run_address>
         <size>0xa4e</size>
         <input_file_ref idref="fl-f9"/>
      </object_component>
      <object_component id="oc-352">
         <name>.text:_nop</name>
         <load_address>0x1bc6</load_address>
         <run_address>0x1bc6</run_address>
         <size>0x2</size>
         <input_file_ref idref="fl-105"/>
      </object_component>
      <object_component id="oc-9a">
         <name>.text</name>
         <load_address>0x1bc8</load_address>
         <run_address>0x1bc8</run_address>
         <size>0x858</size>
         <input_file_ref idref="fl-b"/>
      </object_component>
      <object_component id="oc-362">
         <name>.text:strtod</name>
         <load_address>0x2420</load_address>
         <run_address>0x2420</run_address>
         <size>0x460</size>
         <input_file_ref idref="fl-ed"/>
      </object_component>
      <object_component id="oc-252">
         <name>.text</name>
         <load_address>0x2880</load_address>
         <run_address>0x2880</run_address>
         <size>0x3fe</size>
         <input_file_ref idref="fl-e"/>
      </object_component>
      <object_component id="oc-463">
         <name>.text</name>
         <load_address>0x2c7e</load_address>
         <run_address>0x2c7e</run_address>
         <size>0x2</size>
         <input_file_ref idref="fl-114"/>
      </object_component>
      <object_component id="oc-4b8">
         <name>.text:__mktime32</name>
         <load_address>0x2c80</load_address>
         <run_address>0x2c80</run_address>
         <size>0x2a0</size>
         <input_file_ref idref="fl-ea"/>
      </object_component>
      <object_component id="oc-30">
         <name>.text</name>
         <load_address>0x2f20</load_address>
         <run_address>0x2f20</run_address>
         <size>0x2a0</size>
         <input_file_ref idref="fl-2"/>
      </object_component>
      <object_component id="oc-29b">
         <name>.text:_pconv_a</name>
         <load_address>0x31c0</load_address>
         <run_address>0x31c0</run_address>
         <size>0x270</size>
         <input_file_ref idref="fl-f9"/>
      </object_component>
      <object_component id="oc-289">
         <name>.text:_pconv_g</name>
         <load_address>0x3430</load_address>
         <run_address>0x3430</run_address>
         <size>0x1d0</size>
         <input_file_ref idref="fl-f9"/>
      </object_component>
      <object_component id="oc-7b">
         <name>.text</name>
         <load_address>0x3600</load_address>
         <run_address>0x3600</run_address>
         <size>0x1d0</size>
         <input_file_ref idref="fl-4"/>
      </object_component>
      <object_component id="oc-39e">
         <name>.text</name>
         <load_address>0x37d0</load_address>
         <run_address>0x37d0</run_address>
         <size>0x1b6</size>
         <input_file_ref idref="fl-d7"/>
      </object_component>
      <object_component id="oc-295">
         <name>.text:_pconv_e</name>
         <load_address>0x3988</load_address>
         <run_address>0x3988</run_address>
         <size>0x13c</size>
         <input_file_ref idref="fl-f9"/>
      </object_component>
      <object_component id="oc-384">
         <name>.text</name>
         <load_address>0x3ac4</load_address>
         <run_address>0x3ac4</run_address>
         <size>0x136</size>
         <input_file_ref idref="fl-d9"/>
      </object_component>
      <object_component id="oc-3fc">
         <name>.text:__localtime32</name>
         <load_address>0x3bfc</load_address>
         <run_address>0x3bfc</run_address>
         <size>0x134</size>
         <input_file_ref idref="fl-e6"/>
      </object_component>
      <object_component id="oc-35c">
         <name>.text:strtol</name>
         <load_address>0x3d30</load_address>
         <run_address>0x3d30</run_address>
         <size>0x130</size>
         <input_file_ref idref="fl-ee"/>
      </object_component>
      <object_component id="oc-3b0">
         <name>.text:fcvt</name>
         <load_address>0x3e60</load_address>
         <run_address>0x3e60</run_address>
         <size>0x124</size>
         <input_file_ref idref="fl-f9"/>
      </object_component>
      <object_component id="oc-22a">
         <name>.text:fputs</name>
         <load_address>0x3f84</load_address>
         <run_address>0x3f84</run_address>
         <size>0x114</size>
         <input_file_ref idref="fl-fb"/>
      </object_component>
      <object_component id="oc-3c4">
         <name>.text:scalbn</name>
         <load_address>0x4098</load_address>
         <run_address>0x4098</run_address>
         <size>0x110</size>
         <input_file_ref idref="fl-d2"/>
      </object_component>
      <object_component id="oc-23b">
         <name>.text:aligned_alloc</name>
         <load_address>0x41a8</load_address>
         <run_address>0x41a8</run_address>
         <size>0x100</size>
         <input_file_ref idref="fl-e9"/>
      </object_component>
      <object_component id="oc-265">
         <name>.text</name>
         <load_address>0x42a8</load_address>
         <run_address>0x42a8</run_address>
         <size>0xfc</size>
         <input_file_ref idref="fl-da"/>
      </object_component>
      <object_component id="oc-14b">
         <name>.text:free</name>
         <load_address>0x43a4</load_address>
         <run_address>0x43a4</run_address>
         <size>0xe4</size>
         <input_file_ref idref="fl-e9"/>
      </object_component>
      <object_component id="oc-42b">
         <name>.text:setvbuf</name>
         <load_address>0x4488</load_address>
         <run_address>0x4488</run_address>
         <size>0xdc</size>
         <input_file_ref idref="fl-fd"/>
      </object_component>
      <object_component id="oc-d3">
         <name>.text</name>
         <load_address>0x4564</load_address>
         <run_address>0x4564</run_address>
         <size>0xcc</size>
         <input_file_ref idref="fl-5"/>
      </object_component>
      <object_component id="oc-27e">
         <name>.text:_ltostr</name>
         <load_address>0x4630</load_address>
         <run_address>0x4630</run_address>
         <size>0xb1</size>
         <input_file_ref idref="fl-f9"/>
      </object_component>
      <object_component id="oc-44">
         <name>.text</name>
         <load_address>0x46e2</load_address>
         <run_address>0x46e2</run_address>
         <size>0x9c</size>
         <input_file_ref idref="fl-dd"/>
      </object_component>
      <object_component id="oc-37d">
         <name>.text</name>
         <load_address>0x477e</load_address>
         <run_address>0x477e</run_address>
         <size>0x96</size>
         <input_file_ref idref="fl-100"/>
      </object_component>
      <object_component id="oc-284">
         <name>.text:__aeabi_cdcmple</name>
         <load_address>0x4814</load_address>
         <run_address>0x4814</run_address>
         <size>0x86</size>
         <input_file_ref idref="fl-d8"/>
      </object_component>
      <object_component id="oc-389">
         <name>.text:__aeabi_cdrcmple</name>
         <load_address>0x489a</load_address>
         <run_address>0x489a</run_address>
         <size>0x86</size>
         <input_file_ref idref="fl-d8"/>
      </object_component>
      <object_component id="oc-1ae">
         <name>.text</name>
         <load_address>0x4920</load_address>
         <run_address>0x4920</run_address>
         <size>0x80</size>
         <input_file_ref idref="fl-d"/>
      </object_component>
      <object_component id="oc-230">
         <name>.text:fflush</name>
         <load_address>0x49a0</load_address>
         <run_address>0x49a0</run_address>
         <size>0x7c</size>
         <input_file_ref idref="fl-fa"/>
      </object_component>
      <object_component id="oc-110">
         <name>.text</name>
         <load_address>0x4a1c</load_address>
         <run_address>0x4a1c</run_address>
         <size>0x7a</size>
         <input_file_ref idref="fl-de"/>
      </object_component>
      <object_component id="oc-53e">
         <name>.text:__TI_closefile</name>
         <load_address>0x4a98</load_address>
         <run_address>0x4a98</run_address>
         <size>0x74</size>
         <input_file_ref idref="fl-11e"/>
      </object_component>
      <object_component id="oc-346">
         <name>.text:split</name>
         <load_address>0x4b0c</load_address>
         <run_address>0x4b0c</run_address>
         <size>0x70</size>
         <input_file_ref idref="fl-e9"/>
      </object_component>
      <object_component id="oc-3a9">
         <name>.text:_mcpy</name>
         <load_address>0x4b7c</load_address>
         <run_address>0x4b7c</run_address>
         <size>0x6e</size>
         <input_file_ref idref="fl-f9"/>
      </object_component>
      <object_component id="oc-52a">
         <name>.text</name>
         <load_address>0x4bea</load_address>
         <run_address>0x4bea</run_address>
         <size>0x6e</size>
         <input_file_ref idref="fl-ff"/>
      </object_component>
      <object_component id="oc-56b">
         <name>.text:HOSTrename</name>
         <load_address>0x4c58</load_address>
         <run_address>0x4c58</run_address>
         <size>0x6c</size>
         <input_file_ref idref="fl-119"/>
      </object_component>
      <object_component id="oc-55f">
         <name>.text:HOSTlseek</name>
         <load_address>0x4cc4</load_address>
         <run_address>0x4cc4</run_address>
         <size>0x68</size>
         <input_file_ref idref="fl-116"/>
      </object_component>
      <object_component id="oc-15">
         <name>.text:decompress:lzss:__TI_decompress_lzss</name>
         <load_address>0x4d2c</load_address>
         <run_address>0x4d2c</run_address>
         <size>0x68</size>
         <input_file_ref idref="fl-e1"/>
      </object_component>
      <object_component id="oc-3be">
         <name>.text:frexp</name>
         <load_address>0x4d94</load_address>
         <run_address>0x4d94</run_address>
         <size>0x64</size>
         <input_file_ref idref="fl-111"/>
      </object_component>
      <object_component id="oc-425">
         <name>.text:fseek</name>
         <load_address>0x4df8</load_address>
         <run_address>0x4df8</run_address>
         <size>0x64</size>
         <input_file_ref idref="fl-113"/>
      </object_component>
      <object_component id="oc-31c">
         <name>.text:__TI_wrt_ok</name>
         <load_address>0x4e5c</load_address>
         <run_address>0x4e5c</run_address>
         <size>0x62</size>
         <input_file_ref idref="fl-fc"/>
      </object_component>
      <object_component id="oc-547">
         <name>.text:HOSTopen</name>
         <load_address>0x4ec0</load_address>
         <run_address>0x4ec0</run_address>
         <size>0x60</size>
         <input_file_ref idref="fl-117"/>
      </object_component>
      <object_component id="oc-582">
         <name>.text:close</name>
         <load_address>0x4f20</load_address>
         <run_address>0x4f20</run_address>
         <size>0x5c</size>
         <input_file_ref idref="fl-124"/>
      </object_component>
      <object_component id="oc-553">
         <name>.text:HOSTread</name>
         <load_address>0x4f7c</load_address>
         <run_address>0x4f7c</run_address>
         <size>0x58</size>
         <input_file_ref idref="fl-118"/>
      </object_component>
      <object_component id="oc-559">
         <name>.text:HOSTwrite</name>
         <load_address>0x4fd4</load_address>
         <run_address>0x4fd4</run_address>
         <size>0x58</size>
         <input_file_ref idref="fl-11b"/>
      </object_component>
      <object_component id="oc-28f">
         <name>.text:_pconv_f</name>
         <load_address>0x502c</load_address>
         <run_address>0x502c</run_address>
         <size>0x56</size>
         <input_file_ref idref="fl-f9"/>
      </object_component>
      <object_component id="oc-393">
         <name>.text:__TI_ltoa</name>
         <load_address>0x5082</load_address>
         <run_address>0x5082</run_address>
         <size>0x54</size>
         <input_file_ref idref="fl-106"/>
      </object_component>
      <object_component id="oc-3a3">
         <name>.text:_ecpy</name>
         <load_address>0x50d6</load_address>
         <run_address>0x50d6</run_address>
         <size>0x52</size>
         <input_file_ref idref="fl-f9"/>
      </object_component>
      <object_component id="oc-328">
         <name>.text:__TI_doflush</name>
         <load_address>0x5128</load_address>
         <run_address>0x5128</run_address>
         <size>0x4c</size>
         <input_file_ref idref="fl-fa"/>
      </object_component>
      <object_component id="oc-278">
         <name>.text:atoi</name>
         <load_address>0x5174</load_address>
         <run_address>0x5174</run_address>
         <size>0x4c</size>
         <input_file_ref idref="fl-108"/>
      </object_component>
      <object_component id="oc-a0">
         <name>.text:snprintf</name>
         <load_address>0x51c0</load_address>
         <run_address>0x51c0</run_address>
         <size>0x4c</size>
         <input_file_ref idref="fl-d5"/>
      </object_component>
      <object_component id="oc-3ef">
         <name>.text:HOSTtime</name>
         <load_address>0x520c</load_address>
         <run_address>0x520c</run_address>
         <size>0x48</size>
         <input_file_ref idref="fl-10d"/>
      </object_component>
      <object_component id="oc-1f0">
         <name>.text:exit</name>
         <load_address>0x5254</load_address>
         <run_address>0x5254</run_address>
         <size>0x48</size>
         <input_file_ref idref="fl-104"/>
      </object_component>
      <object_component id="oc-38e">
         <name>.text</name>
         <load_address>0x529c</load_address>
         <run_address>0x529c</run_address>
         <size>0x48</size>
         <input_file_ref idref="fl-db"/>
      </object_component>
      <object_component id="oc-54d">
         <name>.text:HOSTclose</name>
         <load_address>0x52e4</load_address>
         <run_address>0x52e4</run_address>
         <size>0x44</size>
         <input_file_ref idref="fl-115"/>
      </object_component>
      <object_component id="oc-565">
         <name>.text:HOSTunlink</name>
         <load_address>0x5328</load_address>
         <run_address>0x5328</run_address>
         <size>0x44</size>
         <input_file_ref idref="fl-11a"/>
      </object_component>
      <object_component id="oc-1f6">
         <name>.text:__TI_auto_init_nobinit_nopinit:__TI_auto_init_nobinit_nopinit</name>
         <load_address>0x536c</load_address>
         <run_address>0x536c</run_address>
         <size>0x44</size>
         <input_file_ref idref="fl-101"/>
      </object_component>
      <object_component id="oc-5a6">
         <name>.text:getdevice</name>
         <load_address>0x53b0</load_address>
         <run_address>0x53b0</run_address>
         <size>0x44</size>
         <input_file_ref idref="fl-11f"/>
      </object_component>
      <object_component id="oc-4b3">
         <name>.text</name>
         <load_address>0x53f4</load_address>
         <run_address>0x53f4</run_address>
         <size>0x40</size>
         <input_file_ref idref="fl-fe"/>
      </object_component>
      <object_component id="oc-1a0">
         <name>.text:vsnprintf</name>
         <load_address>0x5434</load_address>
         <run_address>0x5434</run_address>
         <size>0x40</size>
         <input_file_ref idref="fl-d6"/>
      </object_component>
      <object_component id="oc-3b6">
         <name>.text:_fcpy</name>
         <load_address>0x5474</load_address>
         <run_address>0x5474</run_address>
         <size>0x3e</size>
         <input_file_ref idref="fl-f9"/>
      </object_component>
      <object_component id="oc-497">
         <name>.text:__TI_writemsg</name>
         <load_address>0x54b4</load_address>
         <run_address>0x54b4</run_address>
         <size>0x38</size>
         <input_file_ref idref="fl-10f"/>
      </object_component>
      <object_component id="oc-2eb">
         <name>.text:__gmtime32</name>
         <load_address>0x54ec</load_address>
         <run_address>0x54ec</run_address>
         <size>0x38</size>
         <input_file_ref idref="fl-e4"/>
      </object_component>
      <object_component id="oc-5c0">
         <name>.text:strncpy</name>
         <load_address>0x5524</load_address>
         <run_address>0x5524</run_address>
         <size>0x36</size>
         <input_file_ref idref="fl-122"/>
      </object_component>
      <object_component id="oc-4e0">
         <name>.text:__TI_cleanup</name>
         <load_address>0x555c</load_address>
         <run_address>0x555c</run_address>
         <size>0x34</size>
         <input_file_ref idref="fl-112"/>
      </object_component>
      <object_component id="oc-49d">
         <name>.text:__TI_readmsg</name>
         <load_address>0x5590</load_address>
         <run_address>0x5590</run_address>
         <size>0x34</size>
         <input_file_ref idref="fl-10f"/>
      </object_component>
      <object_component id="oc-62">
         <name>.text:_c_int00_noargs:_c_int00_noargs</name>
         <load_address>0x55c4</load_address>
         <run_address>0x55c4</run_address>
         <size>0x34</size>
         <input_file_ref idref="fl-f1"/>
      </object_component>
      <object_component id="oc-15f">
         <name>.text:_outs</name>
         <load_address>0x55f8</load_address>
         <run_address>0x55f8</run_address>
         <size>0x30</size>
         <input_file_ref idref="fl-d5"/>
      </object_component>
      <object_component id="oc-2d0">
         <name>.text:_outs</name>
         <load_address>0x5628</load_address>
         <run_address>0x5628</run_address>
         <size>0x30</size>
         <input_file_ref idref="fl-d6"/>
      </object_component>
      <object_component id="oc-5c6">
         <name>.text:finddevice</name>
         <load_address>0x5658</load_address>
         <run_address>0x5658</run_address>
         <size>0x30</size>
         <input_file_ref idref="fl-11f"/>
      </object_component>
      <object_component id="oc-399">
         <name>.text</name>
         <load_address>0x5688</load_address>
         <run_address>0x5688</run_address>
         <size>0x2e</size>
         <input_file_ref idref="fl-dc"/>
      </object_component>
      <object_component id="oc-588">
         <name>.text:unlink</name>
         <load_address>0x56b8</load_address>
         <run_address>0x56b8</run_address>
         <size>0x2c</size>
         <input_file_ref idref="fl-125"/>
      </object_component>
      <object_component id="oc-248">
         <name>.text:free_list_insert</name>
         <load_address>0x56e4</load_address>
         <run_address>0x56e4</run_address>
         <size>0x28</size>
         <input_file_ref idref="fl-e9"/>
      </object_component>
      <object_component id="oc-4d8">
         <name>.text:lseek</name>
         <load_address>0x570c</load_address>
         <run_address>0x570c</run_address>
         <size>0x28</size>
         <input_file_ref idref="fl-11d"/>
      </object_component>
      <object_component id="oc-32e">
         <name>.text:write</name>
         <load_address>0x5734</load_address>
         <run_address>0x5734</run_address>
         <size>0x28</size>
         <input_file_ref idref="fl-10c"/>
      </object_component>
      <object_component id="oc-d9">
         <name>.text</name>
         <load_address>0x575c</load_address>
         <run_address>0x575c</run_address>
         <size>0x26</size>
         <input_file_ref idref="fl-9"/>
      </object_component>
      <object_component id="oc-258">
         <name>.text:memcmp</name>
         <load_address>0x5782</load_address>
         <run_address>0x5782</run_address>
         <size>0x24</size>
         <input_file_ref idref="fl-e8"/>
      </object_component>
      <object_component id="oc-322">
         <name>.text:memchr</name>
         <load_address>0x57a6</load_address>
         <run_address>0x57a6</run_address>
         <size>0x20</size>
         <input_file_ref idref="fl-e7"/>
      </object_component>
      <object_component id="oc-13f">
         <name>.text:_abort_msg</name>
         <load_address>0x57c8</load_address>
         <run_address>0x57c8</run_address>
         <size>0x1c</size>
         <input_file_ref idref="fl-e2"/>
      </object_component>
      <object_component id="oc-242">
         <name>.text:free_list_remove</name>
         <load_address>0x57e4</load_address>
         <run_address>0x57e4</run_address>
         <size>0x1c</size>
         <input_file_ref idref="fl-e9"/>
      </object_component>
      <object_component id="oc-2a1">
         <name>.text:memccpy</name>
         <load_address>0x5800</load_address>
         <run_address>0x5800</run_address>
         <size>0x1c</size>
         <input_file_ref idref="fl-10a"/>
      </object_component>
      <object_component id="oc-47b">
         <name>.text:copysign</name>
         <load_address>0x581c</load_address>
         <run_address>0x581c</run_address>
         <size>0x1a</size>
         <input_file_ref idref="fl-f4"/>
      </object_component>
      <object_component id="oc-165">
         <name>.text:_outc</name>
         <load_address>0x5836</load_address>
         <run_address>0x5836</run_address>
         <size>0x18</size>
         <input_file_ref idref="fl-d5"/>
      </object_component>
      <object_component id="oc-2d6">
         <name>.text:_outc</name>
         <load_address>0x584e</load_address>
         <run_address>0x584e</run_address>
         <size>0x18</size>
         <input_file_ref idref="fl-d6"/>
      </object_component>
      <object_component id="oc-5d9">
         <name>.text:strcmp</name>
         <load_address>0x5866</load_address>
         <run_address>0x5866</run_address>
         <size>0x18</size>
         <input_file_ref idref="fl-120"/>
      </object_component>
      <object_component id="oc-3ca">
         <name>.text:strchr</name>
         <load_address>0x587e</load_address>
         <run_address>0x587e</run_address>
         <size>0x16</size>
         <input_file_ref idref="fl-10b"/>
      </object_component>
      <object_component id="oc-59c">
         <name>.text:strcpy</name>
         <load_address>0x5894</load_address>
         <run_address>0x5894</run_address>
         <size>0x14</size>
         <input_file_ref idref="fl-121"/>
      </object_component>
      <object_component id="oc-25f">
         <name>.text:strlen</name>
         <load_address>0x58a8</load_address>
         <run_address>0x58a8</run_address>
         <size>0x14</size>
         <input_file_ref idref="fl-ec"/>
      </object_component>
      <object_component id="oc-2a7">
         <name>.text:wcslen</name>
         <load_address>0x58bc</load_address>
         <run_address>0x58bc</run_address>
         <size>0x12</size>
         <input_file_ref idref="fl-110"/>
      </object_component>
      <object_component id="oc-368">
         <name>.text:isdigit</name>
         <load_address>0x58d0</load_address>
         <run_address>0x58d0</run_address>
         <size>0x10</size>
         <input_file_ref idref="fl-e5"/>
      </object_component>
      <object_component id="oc-2e5">
         <name>.text:__time32</name>
         <load_address>0x58e0</load_address>
         <run_address>0x58e0</run_address>
         <size>0xe</size>
         <input_file_ref idref="fl-f2"/>
      </object_component>
      <object_component id="oc-1b">
         <name>.text:decompress:none:__TI_decompress_none</name>
         <load_address>0x58ee</load_address>
         <run_address>0x58ee</run_address>
         <size>0xe</size>
         <input_file_ref idref="fl-e0"/>
      </object_component>
      <object_component id="oc-56">
         <name>.text:decompress:ZI:__TI_zero_init</name>
         <load_address>0x58fc</load_address>
         <run_address>0x58fc</run_address>
         <size>0xc</size>
         <input_file_ref idref="fl-df"/>
      </object_component>
      <object_component id="oc-2a">
         <name>.text</name>
         <load_address>0x5908</load_address>
         <run_address>0x5908</run_address>
         <size>0xc</size>
         <input_file_ref idref="fl-3"/>
      </object_component>
      <object_component id="oc-2ad">
         <name>.text:__aeabi_errno_addr</name>
         <load_address>0x5914</load_address>
         <run_address>0x5914</run_address>
         <size>0x8</size>
         <input_file_ref idref="fl-f3"/>
      </object_component>
      <object_component id="oc-145">
         <name>.text:malloc</name>
         <load_address>0x591c</load_address>
         <run_address>0x591c</run_address>
         <size>0x8</size>
         <input_file_ref idref="fl-e9"/>
      </object_component>
      <object_component id="oc-116">
         <name>.text:_system_pre_init</name>
         <load_address>0x5924</load_address>
         <run_address>0x5924</run_address>
         <size>0x4</size>
         <input_file_ref idref="fl-102"/>
      </object_component>
      <object_component id="oc-1ea">
         <name>.text:abort:abort</name>
         <load_address>0x5928</load_address>
         <run_address>0x5928</run_address>
         <size>0x4</size>
         <input_file_ref idref="fl-104"/>
      </object_component>
      <object_component id="oc-64d">
         <name>.tramp.IntMasterEnable.1</name>
         <load_address>0x592c</load_address>
         <run_address>0x592c</run_address>
         <size>0x8</size>
         <input_file_ref idref="fl-127"/>
      </object_component>
      <object_component id="oc-64c">
         <name>.tramp.SysCtlClockSet.1</name>
         <load_address>0x5934</load_address>
         <run_address>0x5934</run_address>
         <size>0x8</size>
         <input_file_ref idref="fl-128"/>
      </object_component>
      <object_component id="oc-64b">
         <name>.tramp.IntEnable.1</name>
         <load_address>0x593c</load_address>
         <run_address>0x593c</run_address>
         <size>0x8</size>
         <input_file_ref idref="fl-127"/>
      </object_component>
      <object_component id="oc-64a">
         <name>.tramp.UARTIntEnable.1</name>
         <load_address>0x5944</load_address>
         <run_address>0x5944</run_address>
         <size>0x8</size>
         <input_file_ref idref="fl-129"/>
      </object_component>
      <object_component id="oc-649">
         <name>.tramp.UARTConfigSetExpClk.1</name>
         <load_address>0x594c</load_address>
         <run_address>0x594c</run_address>
         <size>0x8</size>
         <input_file_ref idref="fl-129"/>
      </object_component>
      <object_component id="oc-648">
         <name>.tramp.SysCtlClockGet.1</name>
         <load_address>0x5954</load_address>
         <run_address>0x5954</run_address>
         <size>0x8</size>
         <input_file_ref idref="fl-128"/>
      </object_component>
      <object_component id="oc-647">
         <name>.tramp.GPIOPinTypeUART.1</name>
         <load_address>0x595c</load_address>
         <run_address>0x595c</run_address>
         <size>0x8</size>
         <input_file_ref idref="fl-126"/>
      </object_component>
      <object_component id="oc-646">
         <name>.tramp.GPIOPinConfigure.1</name>
         <load_address>0x5964</load_address>
         <run_address>0x5964</run_address>
         <size>0x8</size>
         <input_file_ref idref="fl-126"/>
      </object_component>
      <object_component id="oc-645">
         <name>.tramp.SysCtlPeripheralEnable.1</name>
         <load_address>0x596c</load_address>
         <run_address>0x596c</run_address>
         <size>0x8</size>
         <input_file_ref idref="fl-128"/>
      </object_component>
      <object_component id="oc-644">
         <name>.tramp.UARTCharsAvail.1</name>
         <load_address>0x5974</load_address>
         <run_address>0x5974</run_address>
         <size>0x8</size>
         <input_file_ref idref="fl-129"/>
      </object_component>
      <object_component id="oc-643">
         <name>.tramp.UARTCharGetNonBlocking.1</name>
         <load_address>0x597c</load_address>
         <run_address>0x597c</run_address>
         <size>0x8</size>
         <input_file_ref idref="fl-129"/>
      </object_component>
      <object_component id="oc-642">
         <name>.tramp.UARTIntClear.1</name>
         <load_address>0x5984</load_address>
         <run_address>0x5984</run_address>
         <size>0x8</size>
         <input_file_ref idref="fl-129"/>
      </object_component>
      <object_component id="oc-641">
         <name>.tramp.UARTIntStatus.1</name>
         <load_address>0x598c</load_address>
         <run_address>0x598c</run_address>
         <size>0x8</size>
         <input_file_ref idref="fl-129"/>
      </object_component>
      <object_component id="oc-640">
         <name>.tramp.UARTCharPut.1</name>
         <load_address>0x5994</load_address>
         <run_address>0x5994</run_address>
         <size>0x8</size>
         <input_file_ref idref="fl-129"/>
      </object_component>
      <object_component id="oc-378">
         <name>.const:.string:_ctypes_</name>
         <load_address>0x59a0</load_address>
         <run_address>0x59a0</run_address>
         <size>0x101</size>
         <input_file_ref idref="fl-109"/>
      </object_component>
      <object_component id="oc-44b">
         <name>.const:$O1$$</name>
         <load_address>0x5aa8</load_address>
         <run_address>0x5aa8</run_address>
         <size>0xc8</size>
         <input_file_ref idref="fl-ed"/>
      </object_component>
      <object_component id="oc-52f">
         <name>.const:$O1$$</name>
         <load_address>0x5b70</load_address>
         <run_address>0x5b70</run_address>
         <size>0x60</size>
         <input_file_ref idref="fl-ea"/>
      </object_component>
      <object_component id="oc-372">
         <name>.const:.string</name>
         <load_address>0x5bd0</load_address>
         <run_address>0x5bd0</run_address>
         <size>0x26</size>
         <input_file_ref idref="fl-a"/>
      </object_component>
      <object_component id="oc-63b">
         <name>.cinit..data.load</name>
         <load_address>0x6730</load_address>
         <run_address>0x6730</run_address>
         <size>0x91</size>
      </object_component>
      <object_component id="oc-639">
         <name>__TI_handler_table</name>
         <load_address>0x67c4</load_address>
         <run_address>0x67c4</run_address>
         <size>0xc</size>
      </object_component>
      <object_component id="oc-63c">
         <name>.cinit..bss.load</name>
         <load_address>0x67d0</load_address>
         <run_address>0x67d0</run_address>
         <size>0x8</size>
      </object_component>
      <object_component id="oc-63a">
         <name>__TI_cinit_table</name>
         <load_address>0x67d8</load_address>
         <run_address>0x67d8</run_address>
         <size>0x10</size>
      </object_component>
      <object_component id="oc-1a6">
         <name>.data:prop$1</name>
         <load_address>0x20000970</load_address>
         <run_address>0x20000970</run_address>
         <size>0xc</size>
         <input_file_ref idref="fl-5"/>
      </object_component>
      <object_component id="oc-25e">
         <name>.data:pheads$1</name>
         <load_address>0x20000930</load_address>
         <run_address>0x20000930</run_address>
         <size>0x14</size>
         <input_file_ref idref="fl-a"/>
      </object_component>
      <object_component id="oc-236">
         <name>.data:_ftable</name>
         <load_address>0x20000754</load_address>
         <run_address>0x20000754</run_address>
         <size>0xf0</size>
         <input_file_ref idref="fl-e3"/>
      </object_component>
      <object_component id="oc-336">
         <name>.data</name>
         <load_address>0x20000954</load_address>
         <run_address>0x20000954</run_address>
         <size>0x10</size>
         <input_file_ref idref="fl-e3"/>
      </object_component>
      <object_component id="oc-4be">
         <name>.data:local_tm</name>
         <load_address>0x2000090c</load_address>
         <run_address>0x2000090c</run_address>
         <size>0x24</size>
         <input_file_ref idref="fl-e6"/>
      </object_component>
      <object_component id="oc-34c">
         <name>.data:$O1$$</name>
         <load_address>0x20000984</load_address>
         <run_address>0x20000984</run_address>
         <size>0x8</size>
         <input_file_ref idref="fl-e9"/>
      </object_component>
      <object_component id="oc-402">
         <name>.data:_tz</name>
         <load_address>0x20000944</load_address>
         <run_address>0x20000944</run_address>
         <size>0x10</size>
         <input_file_ref idref="fl-ef"/>
      </object_component>
      <object_component id="oc-3da">
         <name>.data</name>
         <load_address>0x2000098c</load_address>
         <run_address>0x2000098c</run_address>
         <size>0x4</size>
         <input_file_ref idref="fl-f3"/>
      </object_component>
      <object_component id="oc-300">
         <name>.data:$O1$$</name>
         <load_address>0x20000964</load_address>
         <run_address>0x20000964</run_address>
         <size>0xc</size>
         <input_file_ref idref="fl-104"/>
      </object_component>
      <object_component id="oc-24e">
         <name>.data:$O1$$</name>
         <load_address>0x2000097c</load_address>
         <run_address>0x2000097c</run_address>
         <size>0x8</size>
         <input_file_ref idref="fl-105"/>
      </object_component>
      <object_component id="oc-4f1">
         <name>.data:_device</name>
         <load_address>0x20000844</load_address>
         <run_address>0x20000844</run_address>
         <size>0x78</size>
         <input_file_ref idref="fl-10e"/>
      </object_component>
      <object_component id="oc-436">
         <name>.data:_stream</name>
         <load_address>0x200008bc</load_address>
         <run_address>0x200008bc</run_address>
         <size>0x50</size>
         <input_file_ref idref="fl-10e"/>
      </object_component>
      <object_component id="oc-e2">
         <name>.bss:ringBufferData</name>
         <uninitialized>true</uninitialized>
         <run_address>0x20000000</run_address>
         <size>0x400</size>
         <input_file_ref idref="fl-2"/>
      </object_component>
      <object_component id="oc-df">
         <name>.bss:uart1Buffer</name>
         <uninitialized>true</uninitialized>
         <run_address>0x2000073c</run_address>
         <size>0x10</size>
         <input_file_ref idref="fl-2"/>
      </object_component>
      <object_component id="oc-51c">
         <name>.bss:_CIOBUF_</name>
         <uninitialized>true</uninitialized>
         <run_address>0x20000568</run_address>
         <size>0x120</size>
         <input_file_ref idref="fl-10f"/>
      </object_component>
      <object_component id="oc-e5">
         <name>.common:parser</name>
         <uninitialized>true</uninitialized>
         <run_address>0x20000728</run_address>
         <size>0x14</size>
      </object_component>
      <object_component id="oc-e8">
         <name>.common:info</name>
         <uninitialized>true</uninitialized>
         <run_address>0x20000400</run_address>
         <size>0x168</size>
      </object_component>
      <object_component id="oc-58e">
         <name>.common:__TI_tmpnams</name>
         <uninitialized>true</uninitialized>
         <run_address>0x20000688</run_address>
         <size>0xa0</size>
      </object_component>
      <object_component id="oc-4a3">
         <name>.common:parmbuf</name>
         <uninitialized>true</uninitialized>
         <run_address>0x2000074c</run_address>
         <size>0x8</size>
      </object_component>
      <object_component id="oc-24">
         <name>.sysmem</name>
         <uninitialized>true</uninitialized>
         <run_address>0x20000b90</run_address>
         <size>0x10</size>
         <input_file_ref idref="fl-e9"/>
      </object_component>
      <object_component id="oc-63f">
         <name>.sysmem</name>
         <uninitialized>true</uninitialized>
         <run_address>0x20000b90</run_address>
         <size>0x0</size>
      </object_component>
      <object_component id="oc-27">
         <name>.stack</name>
         <uninitialized>true</uninitialized>
         <run_address>0x20000990</run_address>
         <size>0x4</size>
         <input_file_ref idref="fl-f1"/>
      </object_component>
      <object_component id="oc-63e">
         <name>.stack</name>
         <uninitialized>true</uninitialized>
         <run_address>0x20000990</run_address>
         <size>0x0</size>
      </object_component>
      <object_component id="oc-e6">
         <name>.debug_info</name>
         <load_address>0x0</load_address>
         <run_address>0x0</run_address>
         <size>0x861</size>
         <input_file_ref idref="fl-2"/>
      </object_component>
      <object_component id="oc-e3">
         <name>.debug_info</name>
         <load_address>0x861</load_address>
         <run_address>0x861</run_address>
         <size>0xd4</size>
         <input_file_ref idref="fl-2"/>
      </object_component>
      <object_component id="oc-e0">
         <name>.debug_info</name>
         <load_address>0x935</load_address>
         <run_address>0x935</run_address>
         <size>0xce</size>
         <input_file_ref idref="fl-2"/>
      </object_component>
      <object_component id="oc-34">
         <name>.debug_info</name>
         <load_address>0xa03</load_address>
         <run_address>0xa03</run_address>
         <size>0x87b</size>
         <input_file_ref idref="fl-2"/>
      </object_component>
      <object_component id="oc-f6">
         <name>.debug_info</name>
         <load_address>0x127e</load_address>
         <run_address>0x127e</run_address>
         <size>0x26b</size>
         <input_file_ref idref="fl-2"/>
      </object_component>
      <object_component id="oc-1b8">
         <name>.debug_info</name>
         <load_address>0x14e9</load_address>
         <run_address>0x14e9</run_address>
         <size>0x8a</size>
         <input_file_ref idref="fl-2"/>
      </object_component>
      <object_component id="oc-ef">
         <name>.debug_info</name>
         <load_address>0x1573</load_address>
         <run_address>0x1573</run_address>
         <size>0x8b</size>
         <input_file_ref idref="fl-2"/>
      </object_component>
      <object_component id="oc-1a9">
         <name>.debug_info</name>
         <load_address>0x15fe</load_address>
         <run_address>0x15fe</run_address>
         <size>0x90</size>
         <input_file_ref idref="fl-2"/>
      </object_component>
      <object_component id="oc-1da">
         <name>.debug_info</name>
         <load_address>0x168e</load_address>
         <run_address>0x168e</run_address>
         <size>0x2a4</size>
         <input_file_ref idref="fl-2"/>
      </object_component>
      <object_component id="oc-ea">
         <name>.debug_info</name>
         <load_address>0x1932</load_address>
         <run_address>0x1932</run_address>
         <size>0xbb</size>
         <input_file_ref idref="fl-2"/>
      </object_component>
      <object_component id="oc-1c1">
         <name>.debug_info</name>
         <load_address>0x19ed</load_address>
         <run_address>0x19ed</run_address>
         <size>0x133</size>
         <input_file_ref idref="fl-2"/>
      </object_component>
      <object_component id="oc-1d5">
         <name>.debug_info</name>
         <load_address>0x1b20</load_address>
         <run_address>0x1b20</run_address>
         <size>0x2c</size>
         <input_file_ref idref="fl-2"/>
      </object_component>
      <object_component id="oc-177">
         <name>.debug_info</name>
         <load_address>0x1b4c</load_address>
         <run_address>0x1b4c</run_address>
         <size>0x2c</size>
         <input_file_ref idref="fl-2"/>
      </object_component>
      <object_component id="oc-26e">
         <name>.debug_info</name>
         <load_address>0x1b78</load_address>
         <run_address>0x1b78</run_address>
         <size>0x446</size>
         <input_file_ref idref="fl-2"/>
      </object_component>
      <object_component id="oc-1c6">
         <name>.debug_info</name>
         <load_address>0x1fbe</load_address>
         <run_address>0x1fbe</run_address>
         <size>0x26c</size>
         <input_file_ref idref="fl-2"/>
      </object_component>
      <object_component id="oc-1cb">
         <name>.debug_info</name>
         <load_address>0x222a</load_address>
         <run_address>0x222a</run_address>
         <size>0x9e</size>
         <input_file_ref idref="fl-2"/>
      </object_component>
      <object_component id="oc-2fa">
         <name>.debug_info</name>
         <load_address>0x22c8</load_address>
         <run_address>0x22c8</run_address>
         <size>0xc6</size>
         <input_file_ref idref="fl-2"/>
      </object_component>
      <object_component id="oc-1d0">
         <name>.debug_info</name>
         <load_address>0x238e</load_address>
         <run_address>0x238e</run_address>
         <size>0x35</size>
         <input_file_ref idref="fl-2"/>
      </object_component>
      <object_component id="oc-38">
         <name>.debug_info</name>
         <load_address>0x23c3</load_address>
         <run_address>0x23c3</run_address>
         <size>0x2f2</size>
         <input_file_ref idref="fl-3"/>
      </object_component>
      <object_component id="oc-13">
         <name>.debug_info</name>
         <load_address>0x26b5</load_address>
         <run_address>0x26b5</run_address>
         <size>0xe5</size>
         <input_file_ref idref="fl-3"/>
      </object_component>
      <object_component id="oc-2c">
         <name>.debug_info</name>
         <load_address>0x279a</load_address>
         <run_address>0x279a</run_address>
         <size>0x261</size>
         <input_file_ref idref="fl-3"/>
      </object_component>
      <object_component id="oc-3f">
         <name>.debug_info</name>
         <load_address>0x29fb</load_address>
         <run_address>0x29fb</run_address>
         <size>0x84</size>
         <input_file_ref idref="fl-3"/>
      </object_component>
      <object_component id="oc-135">
         <name>.debug_info</name>
         <load_address>0x2a7f</load_address>
         <run_address>0x2a7f</run_address>
         <size>0x260</size>
         <input_file_ref idref="fl-4"/>
      </object_component>
      <object_component id="oc-7e">
         <name>.debug_info</name>
         <load_address>0x2cdf</load_address>
         <run_address>0x2cdf</run_address>
         <size>0x871</size>
         <input_file_ref idref="fl-4"/>
      </object_component>
      <object_component id="oc-1a8">
         <name>.debug_info</name>
         <load_address>0x3550</load_address>
         <run_address>0x3550</run_address>
         <size>0x2e7</size>
         <input_file_ref idref="fl-5"/>
      </object_component>
      <object_component id="oc-d4">
         <name>.debug_info</name>
         <load_address>0x3837</load_address>
         <run_address>0x3837</run_address>
         <size>0x3d9</size>
         <input_file_ref idref="fl-5"/>
      </object_component>
      <object_component id="oc-1b5">
         <name>.debug_info</name>
         <load_address>0x3c10</load_address>
         <run_address>0x3c10</run_address>
         <size>0x2c4</size>
         <input_file_ref idref="fl-9"/>
      </object_component>
      <object_component id="oc-dc">
         <name>.debug_info</name>
         <load_address>0x3ed4</load_address>
         <run_address>0x3ed4</run_address>
         <size>0x14f</size>
         <input_file_ref idref="fl-9"/>
      </object_component>
      <object_component id="oc-26b">
         <name>.debug_info</name>
         <load_address>0x4023</load_address>
         <run_address>0x4023</run_address>
         <size>0x44b</size>
         <input_file_ref idref="fl-a"/>
      </object_component>
      <object_component id="oc-154">
         <name>.debug_info</name>
         <load_address>0x446e</load_address>
         <run_address>0x446e</run_address>
         <size>0xf1b</size>
         <input_file_ref idref="fl-a"/>
      </object_component>
      <object_component id="oc-158">
         <name>.debug_info</name>
         <load_address>0x5389</load_address>
         <run_address>0x5389</run_address>
         <size>0x68d</size>
         <input_file_ref idref="fl-b"/>
      </object_component>
      <object_component id="oc-9e">
         <name>.debug_info</name>
         <load_address>0x5a16</load_address>
         <run_address>0x5a16</run_address>
         <size>0xdc5</size>
         <input_file_ref idref="fl-b"/>
      </object_component>
      <object_component id="oc-273">
         <name>.debug_info</name>
         <load_address>0x67db</load_address>
         <run_address>0x67db</run_address>
         <size>0x76</size>
         <input_file_ref idref="fl-b"/>
      </object_component>
      <object_component id="oc-2f2">
         <name>.debug_info</name>
         <load_address>0x6851</load_address>
         <run_address>0x6851</run_address>
         <size>0x290</size>
         <input_file_ref idref="fl-d"/>
      </object_component>
      <object_component id="oc-1b0">
         <name>.debug_info</name>
         <load_address>0x6ae1</load_address>
         <run_address>0x6ae1</run_address>
         <size>0x176</size>
         <input_file_ref idref="fl-d"/>
      </object_component>
      <object_component id="oc-2f3">
         <name>.debug_info</name>
         <load_address>0x6c57</load_address>
         <run_address>0x6c57</run_address>
         <size>0xee</size>
         <input_file_ref idref="fl-d"/>
      </object_component>
      <object_component id="oc-36f">
         <name>.debug_info</name>
         <load_address>0x6d45</load_address>
         <run_address>0x6d45</run_address>
         <size>0x3fe</size>
         <input_file_ref idref="fl-e"/>
      </object_component>
      <object_component id="oc-256">
         <name>.debug_info</name>
         <load_address>0x7143</load_address>
         <run_address>0x7143</run_address>
         <size>0x6fa</size>
         <input_file_ref idref="fl-e"/>
      </object_component>
      <object_component id="oc-455">
         <name>.debug_info</name>
         <load_address>0x783d</load_address>
         <run_address>0x783d</run_address>
         <size>0x110</size>
         <input_file_ref idref="fl-e"/>
      </object_component>
      <object_component id="oc-482">
         <name>.debug_info</name>
         <load_address>0x794d</load_address>
         <run_address>0x794d</run_address>
         <size>0x2f8</size>
         <input_file_ref idref="fl-d2"/>
      </object_component>
      <object_component id="oc-3c7">
         <name>.debug_info</name>
         <load_address>0x7c45</load_address>
         <run_address>0x7c45</run_address>
         <size>0x225</size>
         <input_file_ref idref="fl-d2"/>
      </object_component>
      <object_component id="oc-512">
         <name>.debug_info</name>
         <load_address>0x7e6a</load_address>
         <run_address>0x7e6a</run_address>
         <size>0x39</size>
         <input_file_ref idref="fl-d2"/>
      </object_component>
      <object_component id="oc-476">
         <name>.debug_info</name>
         <load_address>0x7ea3</load_address>
         <run_address>0x7ea3</run_address>
         <size>0x2c</size>
         <input_file_ref idref="fl-d2"/>
      </object_component>
      <object_component id="oc-16c">
         <name>.debug_info</name>
         <load_address>0x7ecf</load_address>
         <run_address>0x7ecf</run_address>
         <size>0x33a</size>
         <input_file_ref idref="fl-d5"/>
      </object_component>
      <object_component id="oc-a1">
         <name>.debug_info</name>
         <load_address>0x8209</load_address>
         <run_address>0x8209</run_address>
         <size>0x1ee</size>
         <input_file_ref idref="fl-d5"/>
      </object_component>
      <object_component id="oc-160">
         <name>.debug_info</name>
         <load_address>0x83f7</load_address>
         <run_address>0x83f7</run_address>
         <size>0x1c3</size>
         <input_file_ref idref="fl-d5"/>
      </object_component>
      <object_component id="oc-166">
         <name>.debug_info</name>
         <load_address>0x85ba</load_address>
         <run_address>0x85ba</run_address>
         <size>0x176</size>
         <input_file_ref idref="fl-d5"/>
      </object_component>
      <object_component id="oc-16d">
         <name>.debug_info</name>
         <load_address>0x8730</load_address>
         <run_address>0x8730</run_address>
         <size>0x2c</size>
         <input_file_ref idref="fl-d5"/>
      </object_component>
      <object_component id="oc-172">
         <name>.debug_info</name>
         <load_address>0x875c</load_address>
         <run_address>0x875c</run_address>
         <size>0x69</size>
         <input_file_ref idref="fl-d5"/>
      </object_component>
      <object_component id="oc-2dd">
         <name>.debug_info</name>
         <load_address>0x87c5</load_address>
         <run_address>0x87c5</run_address>
         <size>0x340</size>
         <input_file_ref idref="fl-d6"/>
      </object_component>
      <object_component id="oc-1a4">
         <name>.debug_info</name>
         <load_address>0x8b05</load_address>
         <run_address>0x8b05</run_address>
         <size>0x208</size>
         <input_file_ref idref="fl-d6"/>
      </object_component>
      <object_component id="oc-2d1">
         <name>.debug_info</name>
         <load_address>0x8d0d</load_address>
         <run_address>0x8d0d</run_address>
         <size>0x1c6</size>
         <input_file_ref idref="fl-d6"/>
      </object_component>
      <object_component id="oc-2d9">
         <name>.debug_info</name>
         <load_address>0x8ed3</load_address>
         <run_address>0x8ed3</run_address>
         <size>0x179</size>
         <input_file_ref idref="fl-d6"/>
      </object_component>
      <object_component id="oc-2de">
         <name>.debug_info</name>
         <load_address>0x904c</load_address>
         <run_address>0x904c</run_address>
         <size>0x69</size>
         <input_file_ref idref="fl-d6"/>
      </object_component>
      <object_component id="oc-3a0">
         <name>.debug_info</name>
         <load_address>0x90b5</load_address>
         <run_address>0x90b5</run_address>
         <size>0x14c</size>
         <input_file_ref idref="fl-d7"/>
      </object_component>
      <object_component id="oc-287">
         <name>.debug_info</name>
         <load_address>0x9201</load_address>
         <run_address>0x9201</run_address>
         <size>0x128</size>
         <input_file_ref idref="fl-d8"/>
      </object_component>
      <object_component id="oc-38c">
         <name>.debug_info</name>
         <load_address>0x9329</load_address>
         <run_address>0x9329</run_address>
         <size>0x12a</size>
         <input_file_ref idref="fl-d8"/>
      </object_component>
      <object_component id="oc-387">
         <name>.debug_info</name>
         <load_address>0x9453</load_address>
         <run_address>0x9453</run_address>
         <size>0x13a</size>
         <input_file_ref idref="fl-d9"/>
      </object_component>
      <object_component id="oc-266">
         <name>.debug_info</name>
         <load_address>0x958d</load_address>
         <run_address>0x958d</run_address>
         <size>0x13a</size>
         <input_file_ref idref="fl-da"/>
      </object_component>
      <object_component id="oc-38f">
         <name>.debug_info</name>
         <load_address>0x96c7</load_address>
         <run_address>0x96c7</run_address>
         <size>0x12e</size>
         <input_file_ref idref="fl-db"/>
      </object_component>
      <object_component id="oc-39a">
         <name>.debug_info</name>
         <load_address>0x97f5</load_address>
         <run_address>0x97f5</run_address>
         <size>0x12c</size>
         <input_file_ref idref="fl-dc"/>
      </object_component>
      <object_component id="oc-45">
[...]
         <value>0x46e3</value>
         <object_component_ref idref="oc-44"/>
      </symbol>
      <symbol id="sm-3ea">
         <name>__aeabi_memset</name>
         <value>0x4a1f</value>
         <object_component_ref idref="oc-110"/>
      </symbol>
      <symbol id="sm-3eb">
         <name>memset</name>
         <value>0x4a25</value>
         <object_component_ref idref="oc-110"/>
      </symbol>
      <symbol id="sm-3ec">
         <name>__aeabi_memset8</name>
         <value>0x4a1f</value>
         <object_component_ref idref="oc-110"/>
      </symbol>
      <symbol id="sm-3ed">
         <name>__aeabi_memset4</name>
         <value>0x4a1f</value>
         <object_component_ref idref="oc-110"/>
      </symbol>
      <symbol id="sm-3ee">
         <name>__aeabi_memclr8</name>
         <value>0x4a1d</value>
         <object_component_ref idref="oc-110"/>
      </symbol>
      <symbol id="sm-3ef">
         <name>__aeabi_memclr4</name>
         <value>0x4a1d</value>
         <object_component_ref idref="oc-110"/>
      </symbol>
      <symbol id="sm-3f0">
         <name>__aeabi_memclr</name>
         <value>0x4a1d</value>
         <object_component_ref idref="oc-110"/>
      </symbol>
      <symbol id="sm-402">
         <name>__TI_zero_init</name>
         <value>0x58fd</value>
         <object_component_ref idref="oc-56"/>
      </symbol>
      <symbol id="sm-419">
         <name>__TI_decompress_none</name>
         <value>0x58ef</value>
         <object_component_ref idref="oc-1b"/>
      </symbol>
      <symbol id="sm-43c">
         <name>__TI_decompress_lzss</name>
         <value>0x4d2d</value>
         <object_component_ref idref="oc-15"/>
      </symbol>
      <symbol id="sm-450">
         <name>_abort_msg</name>
         <value>0x57c9</value>
         <object_component_ref idref="oc-13f"/>
      </symbol>
      <symbol id="sm-465">
         <name>__TI_tmpnams</name>
         <value>0x20000688</value>
      </symbol>
      <symbol id="sm-466">
         <name>__aeabi_stdout</name>
         <value>0x2000095c</value>
         <object_component_ref idref="oc-336"/>
      </symbol>
      <symbol id="sm-467">
         <name>__aeabi_stderr</name>
         <value>0x20000960</value>
         <object_component_ref idref="oc-336"/>
      </symbol>
      <symbol id="sm-468">
         <name>__aeabi_stdin</name>
         <value>0x20000958</value>
         <object_component_ref idref="oc-336"/>
      </symbol>
      <symbol id="sm-469">
         <name>_ftable</name>
         <value>0x20000754</value>
         <object_component_ref idref="oc-236"/>
      </symbol>
      <symbol id="sm-46a">
         <name>__TI_ft_end</name>
         <value>0x20000954</value>
         <object_component_ref idref="oc-336"/>
      </symbol>
      <symbol id="sm-487">
         <name>__gmtime32</name>
         <value>0x54ed</value>
         <object_component_ref idref="oc-2eb"/>
      </symbol>
      <symbol id="sm-488">
         <name>gmtime</name>
         <value>0x54ed</value>
         <object_component_ref idref="oc-2eb"/>
      </symbol>
      <symbol id="sm-497">
         <name>isdigit</name>
         <value>0x58d1</value>
         <object_component_ref idref="oc-368"/>
      </symbol>
      <symbol id="sm-4ba">
         <name>__localtime32</name>
         <value>0x3bfd</value>
         <object_component_ref idref="oc-3fc"/>
      </symbol>
      <symbol id="sm-4bb">
         <name>localtime</name>
         <value>0x3bfd</value>
         <object_component_ref idref="oc-3fc"/>
      </symbol>
      <symbol id="sm-4cb">
         <name>memchr</name>
         <value>0x57a7</value>
         <object_component_ref idref="oc-322"/>
      </symbol>
      <symbol id="sm-4db">
         <name>memcmp</name>
         <value>0x5783</value>
         <object_component_ref idref="oc-258"/>
      </symbol>
      <symbol id="sm-564">
         <name>_sys_memory</name>
         <value>0x20000b90</value>
         <object_component_ref idref="oc-24"/>
      </symbol>
      <symbol id="sm-565">
         <name>free</name>
         <value>0x43a5</value>
         <object_component_ref idref="oc-14b"/>
      </symbol>
      <symbol id="sm-566">
         <name>memalign</name>
         <value>0x41a9</value>
         <object_component_ref idref="oc-23b"/>
      </symbol>
      <symbol id="sm-567">
         <name>malloc</name>
         <value>0x591d</value>
         <object_component_ref idref="oc-145"/>
      </symbol>
      <symbol id="sm-568">
         <name>aligned_alloc</name>
         <value>0x41a9</value>
         <object_component_ref idref="oc-23b"/>
      </symbol>
      <symbol id="sm-59a">
         <name>mktime</name>
         <value>0x2c81</value>
         <object_component_ref idref="oc-4b8"/>
      </symbol>
      <symbol id="sm-59b">
         <name>__mktime32</name>
         <value>0x2c81</value>
         <object_component_ref idref="oc-4b8"/>
      </symbol>
      <symbol id="sm-5aa">
         <name>strlen</name>
         <value>0x58a9</value>
         <object_component_ref idref="oc-25f"/>
      </symbol>
      <symbol id="sm-60a">
         <name>strtold</name>
         <value>0x2421</value>
         <object_component_ref idref="oc-362"/>
      </symbol>
      <symbol id="sm-60b">
         <name>strtod</name>
         <value>0x2421</value>
         <object_component_ref idref="oc-362"/>
      </symbol>
      <symbol id="sm-62f">
         <name>strtol</name>
         <value>0x3d31</value>
         <object_component_ref idref="oc-35c"/>
      </symbol>
      <symbol id="sm-63f">
         <name>_tz</name>
         <value>0x20000944</value>
         <object_component_ref idref="oc-402"/>
      </symbol>
      <symbol id="sm-653">
         <name>__stack</name>
         <value>0x20000990</value>
         <object_component_ref idref="oc-27"/>
      </symbol>
      <symbol id="sm-654">
         <name>_c_int00_noargs</name>
         <value>0x55c5</value>
         <object_component_ref idref="oc-62"/>
      </symbol>
      <symbol id="sm-667">
         <name>__time32</name>
         <value>0x58e1</value>
         <object_component_ref idref="oc-2e5"/>
      </symbol>
      <symbol id="sm-668">
         <name>time</name>
         <value>0x58e1</value>
         <object_component_ref idref="oc-2e5"/>
      </symbol>
      <symbol id="sm-67e">
         <name>__aeabi_errno_addr</name>
         <value>0x5915</value>
         <object_component_ref idref="oc-2ad"/>
      </symbol>
      <symbol id="sm-67f">
         <name>errno</name>
         <value>0x2000098c</value>
         <object_component_ref idref="oc-3da"/>
      </symbol>
      <symbol id="sm-689">
         <name>copysign</name>
         <value>0x581d</value>
         <object_component_ref idref="oc-47b"/>
      </symbol>
      <symbol id="sm-68a">
         <name>copysignl</name>
         <value>0x581d</value>
         <object_component_ref idref="oc-47b"/>
      </symbol>
      <symbol id="sm-7f3">
         <name>__TI_printfi</name>
         <value>0x1179</value>
         <object_component_ref idref="oc-159"/>
      </symbol>
      <symbol id="sm-814">
         <name>__TI_doflush</name>
         <value>0x5129</value>
         <object_component_ref idref="oc-328"/>
      </symbol>
      <symbol id="sm-815">
         <name>fflush</name>
         <value>0x49a1</value>
         <object_component_ref idref="oc-230"/>
      </symbol>
      <symbol id="sm-833">
         <name>fputs</name>
         <value>0x3f85</value>
         <object_component_ref idref="oc-22a"/>
      </symbol>
      <symbol id="sm-84b">
         <name>__TI_wrt_ok</name>
         <value>0x4e5d</value>
         <object_component_ref idref="oc-31c"/>
      </symbol>
      <symbol id="sm-867">
         <name>setvbuf</name>
         <value>0x4489</value>
         <object_component_ref idref="oc-42b"/>
      </symbol>
      <symbol id="sm-876">
         <name>__aeabi_uidivmod</name>
         <value>0x53f5</value>
         <object_component_ref idref="oc-4b3"/>
      </symbol>
      <symbol id="sm-877">
         <name>__aeabi_uidiv</name>
         <value>0x53f5</value>
         <object_component_ref idref="oc-4b3"/>
      </symbol>
      <symbol id="sm-885">
         <name>__aeabi_ldivmod</name>
         <value>0x4beb</value>
         <object_component_ref idref="oc-52a"/>
      </symbol>
      <symbol id="sm-892">
         <name>__aeabi_uldivmod</name>
         <value>0x477f</value>
         <object_component_ref idref="oc-37d"/>
      </symbol>
      <symbol id="sm-8ba">
         <name>__TI_auto_init_nobinit_nopinit</name>
         <value>0x536d</value>
         <object_component_ref idref="oc-1f6"/>
      </symbol>
      <symbol id="sm-8c4">
         <name>_system_pre_init</name>
         <value>0x5925</value>
         <object_component_ref idref="oc-116"/>
      </symbol>
      <symbol id="sm-8eb">
         <name>C$$EXIT</name>
         <value>0x5929</value>
         <object_component_ref idref="oc-1ea"/>
      </symbol>
      <symbol id="sm-8ec">
         <name>abort</name>
         <value>0x5929</value>
         <object_component_ref idref="oc-1ea"/>
      </symbol>
      <symbol id="sm-8ed">
         <name>__TI_dtors_ptr</name>
         <value>0x20000968</value>
         <object_component_ref idref="oc-300"/>
      </symbol>
      <symbol id="sm-8ee">
         <name>__TI_cleanup_ptr</name>
         <value>0x20000964</value>
         <object_component_ref idref="oc-300"/>
      </symbol>
      <symbol id="sm-8ef">
         <name>__TI_enable_exit_profile_output</name>
         <value>0x2000096c</value>
         <object_component_ref idref="oc-300"/>
      </symbol>
      <symbol id="sm-8f0">
         <name>exit</name>
         <value>0x5255</value>
         <object_component_ref idref="oc-1f0"/>
      </symbol>
      <symbol id="sm-905">
         <name>_nop</name>
         <value>0x1bc7</value>
         <object_component_ref idref="oc-352"/>
      </symbol>
      <symbol id="sm-906">
         <name>_lock</name>
         <value>0x2000097c</value>
         <object_component_ref idref="oc-24e"/>
      </symbol>
      <symbol id="sm-907">
         <name>_unlock</name>
         <value>0x20000980</value>
         <object_component_ref idref="oc-24e"/>
      </symbol>
      <symbol id="sm-916">
         <name>__TI_ltoa</name>
         <value>0x5083</value>
         <object_component_ref idref="oc-393"/>
      </symbol>
      <symbol id="sm-92d">
         <name>atoi</name>
         <value>0x5175</value>
         <object_component_ref idref="oc-278"/>
      </symbol>
      <symbol id="sm-938">
         <name>_ctypes_</name>
         <value>0x59a0</value>
         <object_component_ref idref="oc-378"/>
      </symbol>
      <symbol id="sm-948">
         <name>memccpy</name>
         <value>0x5801</value>
         <object_component_ref idref="oc-2a1"/>
      </symbol>
      <symbol id="sm-958">
         <name>strchr</name>
         <value>0x587f</value>
         <object_component_ref idref="oc-3ca"/>
      </symbol>
      <symbol id="sm-972">
         <name>write</name>
         <value>0x5735</value>
         <object_component_ref idref="oc-32e"/>
      </symbol>
      <symbol id="sm-98a">
         <name>HOSTtime</name>
         <value>0x520d</value>
         <object_component_ref idref="oc-3ef"/>
      </symbol>
      <symbol id="sm-99b">
         <name>_stream</name>
         <value>0x200008bc</value>
         <object_component_ref idref="oc-436"/>
      </symbol>
      <symbol id="sm-99c">
         <name>_device</name>
         <value>0x20000844</value>
         <object_component_ref idref="oc-4f1"/>
      </symbol>
      <symbol id="sm-9c0">
         <name>__TI_readmsg</name>
         <value>0x5591</value>
         <object_component_ref idref="oc-49d"/>
      </symbol>
      <symbol id="sm-9c1">
         <name>C$$IO$$</name>
         <value>0x54e3</value>
         <object_component_ref idref="oc-497"/>
      </symbol>
      <symbol id="sm-9c2">
         <name>__CIOBUF_</name>
         <value>0x20000568</value>
         <object_component_ref idref="oc-51c"/>
      </symbol>
      <symbol id="sm-9c3">
         <name>__TI_writemsg</name>
         <value>0x54b5</value>
         <object_component_ref idref="oc-497"/>
      </symbol>
      <symbol id="sm-9dc">
         <name>wcslen</name>
         <value>0x58bd</value>
         <object_component_ref idref="oc-2a7"/>
      </symbol>
      <symbol id="sm-9f2">
         <name>frexpl</name>
         <value>0x4d95</value>
         <object_component_ref idref="oc-3be"/>
      </symbol>
      <symbol id="sm-9f3">
         <name>frexp</name>
         <value>0x4d95</value>
         <object_component_ref idref="oc-3be"/>
      </symbol>
      <symbol id="sm-a03">
         <name>__TI_cleanup</name>
         <value>0x555d</value>
         <object_component_ref idref="oc-4e0"/>
      </symbol>
      <symbol id="sm-a15">
         <name>fseek</name>
         <value>0x4df9</value>
         <object_component_ref idref="oc-425"/>
      </symbol>
      <symbol id="sm-a1f">
         <name>__aeabi_idiv0</name>
         <value>0x2c7f</value>
         <object_component_ref idref="oc-463"/>
      </symbol>
      <symbol id="sm-a20">
         <name>__aeabi_ldiv0</name>
         <value>0x2c7f</value>
         <object_component_ref idref="oc-463"/>
      </symbol>
      <symbol id="sm-a31">
         <name>HOSTclose</name>
         <value>0x52e5</value>
         <object_component_ref idref="oc-54d"/>
      </symbol>
      <symbol id="sm-a42">
         <name>HOSTlseek</name>
         <value>0x4cc5</value>
         <object_component_ref idref="oc-55f"/>
      </symbol>
      <symbol id="sm-a54">
         <name>parmbuf</name>
         <value>0x2000074c</value>
      </symbol>
      <symbol id="sm-a55">
         <name>HOSTopen</name>
         <value>0x4ec1</value>
         <object_component_ref idref="oc-547"/>
      </symbol>
      <symbol id="sm-a66">
         <name>HOSTread</name>
         <value>0x4f7d</value>
         <object_component_ref idref="oc-553"/>
      </symbol>
      <symbol id="sm-a77">
         <name>HOSTrename</name>
         <value>0x4c59</value>
         <object_component_ref idref="oc-56b"/>
      </symbol>
      <symbol id="sm-a88">
         <name>HOSTunlink</name>
         <value>0x5329</value>
         <object_component_ref idref="oc-565"/>
      </symbol>
      <symbol id="sm-a99">
         <name>HOSTwrite</name>
         <value>0x4fd5</value>
         <object_component_ref idref="oc-559"/>
      </symbol>
      <symbol id="sm-aaa">
         <name>lseek</name>
         <value>0x570d</value>
         <object_component_ref idref="oc-4d8"/>
      </symbol>
      <symbol id="sm-abf">
         <name>__TI_closefile</name>
         <value>0x4a99</value>
         <object_component_ref idref="oc-53e"/>
      </symbol>
      <symbol id="sm-ae2">
         <name>finddevice</name>
         <value>0x5659</value>
         <object_component_ref idref="oc-5c6"/>
      </symbol>
      <symbol id="sm-ae3">
         <name>getdevice</name>
         <value>0x53b1</value>
         <object_component_ref idref="oc-5a6"/>
      </symbol>
      <symbol id="sm-af2">
         <name>strcmp</name>
         <value>0x5867</value>
         <object_component_ref idref="oc-5d9"/>
      </symbol>
      <symbol id="sm-b00">
         <name>strcpy</name>
         <value>0x5895</value>
         <object_component_ref idref="oc-59c"/>
      </symbol>
      <symbol id="sm-b10">
         <name>strncpy</name>
         <value>0x5525</value>
         <object_component_ref idref="oc-5c0"/>
      </symbol>
      <symbol id="sm-b25">
         <name>close</name>
         <value>0x4f21</value>
         <object_component_ref idref="oc-582"/>
      </symbol>
      <symbol id="sm-b35">
         <name>unlink</name>
         <value>0x56b9</value>
         <object_component_ref idref="oc-588"/>
      </symbol>
      <symbol id="sm-b58">
         <name>GPIODirModeSet</name>
         <value>0x667b</value>
         <object_component_ref idref="oc-180"/>
      </symbol>
      <symbol id="sm-b59">
         <name>GPIOPadConfigSet</name>
         <value>0x62d5</value>
         <object_component_ref idref="oc-184"/>
      </symbol>
      <symbol id="sm-b5a">
         <name>GPIOPinConfigure</name>
         <value>0x6609</value>
         <object_component_ref idref="oc-ab"/>
      </symbol>
      <symbol id="sm-b5b">
         <name>GPIOPinTypeUART</name>
         <value>0x66cd</value>
         <object_component_ref idref="oc-b0"/>
      </symbol>
      <symbol id="sm-b78">
         <name>IntEnable</name>
         <value>0x65a5</value>
         <object_component_ref idref="oc-c4"/>
      </symbol>
      <symbol id="sm-b79">
         <name>IntMasterEnable</name>
         <value>0x66f9</value>
         <object_component_ref idref="oc-ce"/>
      </symbol>
      <symbol id="sm-bab">
         <name>SysCtlDelay</name>
         <value>0x6675</value>
         <object_component_ref idref="oc-196"/>
      </symbol>
      <symbol id="sm-bac">
         <name>SysCtlClockGet</name>
         <value>0x6181</value>
         <object_component_ref idref="oc-b5"/>
      </symbol>
      <symbol id="sm-bad">
         <name>SysCtlClockSet</name>
         <value>0x640d</value>
         <object_component_ref idref="oc-c9"/>
      </symbol>
      <symbol id="sm-bae">
         <name>SysCtlPeripheralEnable</name>
         <value>0x66a5</value>
         <object_component_ref idref="oc-a6"/>
      </symbol>
      <symbol id="sm-be9">
         <name>UARTCharGetNonBlocking</name>
         <value>0x66e9</value>
         <object_component_ref idref="oc-90"/>
      </symbol>
      <symbol id="sm-bea">
         <name>UARTCharPut</name>
         <value>0x6707</value>
         <object_component_ref idref="oc-81"/>
      </symbol>
      <symbol id="sm-beb">
         <name>UARTCharsAvail</name>
         <value>0x6713</value>
         <object_component_ref idref="oc-95"/>
      </symbol>
      <symbol id="sm-bec">
         <name>UARTConfigSetExpClk</name>
         <value>0x6535</value>
         <object_component_ref idref="oc-ba"/>
      </symbol>
      <symbol id="sm-bed">
         <name>UARTIntClear</name>
         <value>0x599d</value>
         <object_component_ref idref="oc-8b"/>
      </symbol>
      <symbol id="sm-bee">
         <name>UARTIntEnable</name>
         <value>0x6727</value>
         <object_component_ref idref="oc-bf"/>
      </symbol>
      <symbol id="sm-bef">
         <name>UARTIntStatus</name>
         <value>0x671d</value>
         <object_component_ref idref="oc-86"/>
      </symbol>
      <symbol id="sm-c07">
         <name>CPUcpsid</name>
         <value>0x664d</value>
         <object_component_ref idref="oc-19b"/>
      </symbol>
      <symbol id="sm-c08">
         <name>CPUprimask</name>
         <value>0x6655</value>
         <object_component_ref idref="oc-19b"/>
      </symbol>
      <symbol id="sm-c09">
         <name>CPUcpsie</name>
         <value>0x665b</value>
         <object_component_ref idref="oc-19b"/>
      </symbol>
      <symbol id="sm-c0a">
         <name>CPUwfi</name>
         <value>0x6663</value>
         <object_component_ref idref="oc-19b"/>
      </symbol>
      <symbol id="sm-c0b">
         <name>CPUbasepriSet</name>
         <value>0x6667</value>
         <object_component_ref idref="oc-19b"/>
      </symbol>
      <symbol id="sm-c0c">
         <name>CPUbasepriGet</name>
         <value>0x666d</value>
         <object_component_ref idref="oc-19b"/>
      </symbol>
      <symbol id="sm-c0d">
         <name>__TI_static_base__</name>
         <value>0x0</value>
      </symbol>
      <symbol id="sm-c12">
         <name>__mpu_init</name>
         <value>0x0</value>
      </symbol>
      <symbol id="sm-c13">
         <name>_system_post_cinit</name>
         <value>0x0</value>
      </symbol>
      <symbol id="sm-c14">
         <name>remove</name>
         <value>0x56b9</value>
      </symbol>
   </symbol_table>
   <title>Link successful</title>
</link_info>
