******************************************************************************
                  TI ARM Linker PC v20.2.7                     
******************************************************************************
>> Linked Thu Jan  2 19:53:58 2025

OUTPUT FILE NAME:   <gpsProject.out>
ENTRY POINT SYMBOL: "_c_int00_noargs"  address: 000055c5


MEMORY CONFIGURATION

         name            origin    length      used     unused   attr    fill
----------------------  --------  ---------  --------  --------  ----  --------
  FLASH                 00000000   00040000  000067e0  00039820  R  X
  SRAM                  20000000   00008000  00000ba0  00007460  RW X


SEGMENT ALLOCATION MAP

run origin  load origin   length   init length attrs members
----------  ----------- ---------- ----------- ----- -------
00000000    00000000    000067e8   000067e8    r-x
  00000000    00000000    0000026c   0000026c    r-- .intvecs
  0000026c    0000026c    00005730   00005730    r-x .text
  0000599c    0000599c    00000004   00000004    r-x i.UARTIntClear
  000059a0    000059a0    00000256   00000256    r-- .const
  00005bf8    00005bf8    00000588   00000588    r-- .constdata
  00006180    00006180    00000154   00000154    r-x i.SysCtlClockGet
  000062d4    000062d4    00000138   00000138    r-x i.GPIOPadConfigSet
  0000640c    0000640c    00000128   00000128    r-x i.SysCtlClockSet
  00006534    00006534    0000006e   0000006e    r-x i.UARTConfigSetExpClk
  000065a4    000065a4    00000064   00000064    r-x i.IntEnable
  00006608    00006608    00000044   00000044    r-x i.GPIOPinConfigure
  0000664c    0000664c    0000002e   0000002e    r-x .emb_text
  0000667a    0000667a    00000028   00000028    r-x i.GPIODirModeSet
  000066a4    000066a4    00000028   00000028    r-x i.SysCtlPeripheralEnable
  000066cc    000066cc    0000001c   0000001c    r-x i.GPIOPinTypeUART
  000066e8    000066e8    00000010   00000010    r-x i.UARTCharGetNonBlocking
  000066f8    000066f8    0000000e   0000000e    r-x i.IntMasterEnable
  00006706    00006706    0000000c   0000000c    r-x i.UARTCharPut
  00006712    00006712    0000000a   0000000a    r-x i.UARTCharsAvail
  0000671c    0000671c    0000000a   0000000a    r-x i.UARTIntStatus
  00006726    00006726    00000008   00000008    r-x i.UARTIntEnable
  00006730    00006730    000000b8   000000b8    r-- .cinit
20000000    20000000    00000ba0   00000000    rw-
  20000000    20000000    00000754   00000000    rw- .bss
  20000754    20000754    0000023c   00000000    rw- .data
  20000990    20000990    00000200   00000000    rw- .stack
  20000b90    20000b90    00000010   00000000    rw- .sysmem


SECTION ALLOCATION MAP

 output                                  attributes/
section   page    origin      length       input sections
--------  ----  ----------  ----------   ----------------
.intvecs   0    00000000    0000026c     
                  00000000    0000026c     tm4c123gh6pm_startup_ccs.obj (.intvecs)

.text      0    0000026c    00005730     
                  0000026c    00000f0c     parse.obj (.text)
                  00001178    00000a4e     rtsv7M4_T_le_v4SPD16_eabi.lib : _printfi.c.obj (.text:__TI_printfi)
                  00001bc6    00000002                                   : _lock.c.obj (.text:_nop)
                  00001bc8    00000858     parser.obj (.text)
                  00002420    00000460     rtsv7M4_T_le_v4SPD16_eabi.lib : strtod.c.obj (.text:strtod)
                  00002880    000003fe     tok.obj (.text)
                  00002c7e    00000002     rtsv7M4_T_le_v4SPD16_eabi.lib : div0.asm.obj (.text)
                  00002c80    000002a0                                   : mktime.c.obj (.text:__mktime32)
                  00002f20    000002a0     main.obj (.text)
                  000031c0    00000270     rtsv7M4_T_le_v4SPD16_eabi.lib : _printfi.c.obj (.text:_pconv_a)
                  00003430    000001d0                                   : _printfi.c.obj (.text:_pconv_g)
                  00003600    000001d0     buffer.obj (.text)
                  000037d0    000001b6     rtsv7M4_T_le_v4SPD16_eabi.lib : fd_add_t2.asm.obj (.text)
                  00003986    00000002     --HOLE-- [fill = 0]
                  00003988    0000013c                                   : _printfi.c.obj (.text:_pconv_e)
                  00003ac4    00000136                                   : fd_div_t2.asm.obj (.text)
                  00003bfa    00000002     --HOLE-- [fill = 0]
                  00003bfc    00000134                                   : localtim.c.obj (.text:__localtime32)
                  00003d30    00000130                                   : strtol.c.obj (.text:strtol)
                  00003e60    00000124                                   : _printfi.c.obj (.text:fcvt)
                  00003f84    00000114                                   : fputs.c.obj (.text:fputs)
                  00004098    00000110                                   : s_scalbn.c.obj (.text:scalbn)
                  000041a8    00000100                                   : memory.c.obj (.text:aligned_alloc)
                  000042a8    000000fc                                   : fd_mul_t2.asm.obj (.text)
                  000043a4    000000e4                                   : memory.c.obj (.text:free)
                  00004488    000000dc                                   : setvbuf.c.obj (.text:setvbuf)
                  00004564    000000cc     context.obj (.text)
                  00004630    000000b1     rtsv7M4_T_le_v4SPD16_eabi.lib : _printfi.c.obj (.text:_ltostr)
                  000046e1    00000001     --HOLE-- [fill = 0]
                  000046e2    0000009c                                   : memcpy_t2.asm.obj (.text)
                  0000477e    00000096                                   : ull_div_t2.asm.obj (.text)
                  00004814    00000086                                   : fd_cmp_t2.asm.obj (.text:__aeabi_cdcmple)
                  0000489a    00000086                                   : fd_cmp_t2.asm.obj (.text:__aeabi_cdrcmple)
                  00004920    00000080     time.obj (.text)
                  000049a0    0000007c     rtsv7M4_T_le_v4SPD16_eabi.lib : fflush.c.obj (.text:fflush)
                  00004a1c    0000007a                                   : memset_t2.asm.obj (.text)
                  00004a96    00000002     --HOLE-- [fill = 0]
                  00004a98    00000074                                   : fclose.c.obj (.text:__TI_closefile)
                  00004b0c    00000070                                   : memory.c.obj (.text:split)
                  00004b7c    0000006e                                   : _printfi.c.obj (.text:_mcpy)
                  00004bea    0000006e                                   : ll_div_t2.asm.obj (.text)
                  00004c58    0000006c                                   : hostrename.c.obj (.text:HOSTrename)
                  00004cc4    00000068                                   : hostlseek.c.obj (.text:HOSTlseek)
                  00004d2c    00000068                                   : copy_decompress_lzss.c.obj (.text:decompress:lzss:__TI_decompress_lzss)
                  00004d94    00000064                                   : s_frexp.c.obj (.text:frexp)
                  00004df8    00000064                                   : fseek.c.obj (.text:fseek)
                  00004e5c    00000062                                   : _io_perm.c.obj (.text:__TI_wrt_ok)
                  00004ebe    00000002     --HOLE-- [fill = 0]
                  00004ec0    00000060                                   : hostopen.c.obj (.text:HOSTopen)
                  00004f20    0000005c                                   : close.c.obj (.text:close)
                  00004f7c    00000058                                   : hostread.c.obj (.text:HOSTread)
                  00004fd4    00000058                                   : hostwrite.c.obj (.text:HOSTwrite)
                  0000502c    00000056                                   : _printfi.c.obj (.text:_pconv_f)
                  00005082    00000054                                   : _ltoa.c.obj (.text:__TI_ltoa)
                  000050d6    00000052                                   : _printfi.c.obj (.text:_ecpy)
                  00005128    0000004c                                   : fflush.c.obj (.text:__TI_doflush)
                  00005174    0000004c                                   : atoi.c.obj (.text:atoi)
                  000051c0    0000004c                                   : snprintf.c.obj (.text:snprintf)
                  0000520c    00000048                                   : hosttime.c.obj (.text:HOSTtime)
                  00005254    00000048                                   : exit.c.obj (.text:exit)
                  0000529c    00000048                                   : fd_toi_t2.asm.obj (.text)
                  000052e4    00000044                                   : hostclose.c.obj (.text:HOSTclose)
                  00005328    00000044                                   : hostunlink.c.obj (.text:HOSTunlink)
                  0000536c    00000044                                   : autoinit.c.obj (.text:__TI_auto_init_nobinit_nopinit:__TI_auto_init_nobinit_nopinit)
                  000053b0    00000044                                   : getdevice.c.obj (.text:getdevice)
                  000053f4    00000040                                   : u_divt2.asm.obj (.text)
                  00005434    00000040                                   : vsnprintf.c.obj (.text:vsnprintf)
                  00005474    0000003e                                   : _printfi.c.obj (.text:_fcpy)
                  000054b2    00000002     --HOLE-- [fill = 0]
                  000054b4    00000038                                   : trgmsg.c.obj (.text:__TI_writemsg)
                  000054ec    00000038                                   : gmtime.c.obj (.text:__gmtime32)
                  00005524    00000036                                   : strncpy.c.obj (.text:strncpy)
                  0000555a    00000002     --HOLE-- [fill = 0]
                  0000555c    00000034                                   : fopen.c.obj (.text:__TI_cleanup)
                  00005590    00000034                                   : trgmsg.c.obj (.text:__TI_readmsg)
                  000055c4    00000034                                   : boot_cortex_m.c.obj (.text:_c_int00_noargs:_c_int00_noargs)
                  000055f8    00000030                                   : snprintf.c.obj (.text:_outs)
                  00005628    00000030                                   : vsnprintf.c.obj (.text:_outs)
                  00005658    00000030                                   : getdevice.c.obj (.text:finddevice)
                  00005688    0000002e                                   : i_tofd_t2.asm.obj (.text)
                  000056b6    00000002     --HOLE-- [fill = 0]
                  000056b8    0000002c                                   : unlink.c.obj (.text:unlink)
                  000056e4    00000028                                   : memory.c.obj (.text:free_list_insert)
                  0000570c    00000028                                   : lseek.c.obj (.text:lseek)
                  00005734    00000028                                   : write.c.obj (.text:write)
                  0000575c    00000026     info.obj (.text)
                  00005782    00000024     rtsv7M4_T_le_v4SPD16_eabi.lib : memcmp.c.obj (.text:memcmp)
                  000057a6    00000020                                   : memchr.c.obj (.text:memchr)
                  000057c6    00000002     --HOLE-- [fill = 0]
                  000057c8    0000001c                                   : assert.c.obj (.text:_abort_msg)
                  000057e4    0000001c                                   : memory.c.obj (.text:free_list_remove)
                  00005800    0000001c                                   : memccpy.c.obj (.text:memccpy)
                  0000581c    0000001a                                   : s_copysign.c.obj (.text:copysign)
                  00005836    00000018                                   : snprintf.c.obj (.text:_outc)
                  0000584e    00000018                                   : vsnprintf.c.obj (.text:_outc)
                  00005866    00000018                                   : strcmp.c.obj (.text:strcmp)
                  0000587e    00000016                                   : strchr.c.obj (.text:strchr)
                  00005894    00000014                                   : strcpy.c.obj (.text:strcpy)
                  000058a8    00000014                                   : strlen.c.obj (.text:strlen)
                  000058bc    00000012                                   : wcslen.c.obj (.text:wcslen)
                  000058ce    00000002     --HOLE-- [fill = 0]
                  000058d0    00000010                                   : isdigit.c.obj (.text:isdigit)
                  000058e0    0000000e                                   : time.c.obj (.text:__time32)
                  000058ee    0000000e                                   : copy_decompress_none.c.obj (.text:decompress:none:__TI_decompress_none)
                  000058fc    0000000c                                   : copy_zero_init.c.obj (.text:decompress:ZI:__TI_zero_init)
                  00005908    0000000c     tm4c123gh6pm_startup_ccs.obj (.text)
                  00005914    00000008     rtsv7M4_T_le_v4SPD16_eabi.lib : errno.c.obj (.text:__aeabi_errno_addr)
                  0000591c    00000008                                   : memory.c.obj (.text:malloc)
                  00005924    00000004                                   : pre_init.c.obj (.text:_system_pre_init)
                  00005928    00000004                                   : exit.c.obj (.text:abort:abort)
                  0000592c    00000008     driverlib.lib : interrupt.o (.tramp.IntMasterEnable.1)
                  00005934    00000008                   : sysctl.o (.tramp.SysCtlClockSet.1)
                  0000593c    00000008                   : interrupt.o (.tramp.IntEnable.1)
                  00005944    00000008                   : uart.o (.tramp.UARTIntEnable.1)
                  0000594c    00000008                   : uart.o (.tramp.UARTConfigSetExpClk.1)
                  00005954    00000008                   : sysctl.o (.tramp.SysCtlClockGet.1)
                  0000595c    00000008                   : gpio.o (.tramp.GPIOPinTypeUART.1)
                  00005964    00000008                   : gpio.o (.tramp.GPIOPinConfigure.1)
                  0000596c    00000008                   : sysctl.o (.tramp.SysCtlPeripheralEnable.1)
                  00005974    00000008                   : uart.o (.tramp.UARTCharsAvail.1)
                  0000597c    00000008                   : uart.o (.tramp.UARTCharGetNonBlocking.1)
                  00005984    00000008                   : uart.o (.tramp.UARTIntClear.1)
                  0000598c    00000008                   : uart.o (.tramp.UARTIntStatus.1)
                  00005994    00000008                   : uart.o (.tramp.UARTCharPut.1)

i.UARTIntClear 
*          0    0000599c    00000004     
                  0000599c    00000004     driverlib.lib : uart.o (i.UARTIntClear)

.const     0    000059a0    00000256     
                  000059a0    00000101     rtsv7M4_T_le_v4SPD16_eabi.lib : ctype.c.obj (.const:.string:_ctypes_)
                  00005aa1    00000007     --HOLE-- [fill = 0]
                  00005aa8    000000c8                                   : strtod.c.obj (.const:$O1$$)
                  00005b70    00000060                                   : mktime.c.obj (.const:$O1$$)
                  00005bd0    00000026     parse.obj (.const:.string)

.constdata 
*          0    00005bf8    00000588     
                  00005bf8    00000254     driverlib.lib : sysctl.o (.constdata)
                  00005e4c    00000228                   : gpio.o (.constdata)
                  00006074    0000010c                   : interrupt.o (.constdata)

i.SysCtlClockGet 
*          0    00006180    00000154     
                  00006180    00000154     driverlib.lib : sysctl.o (i.SysCtlClockGet)

i.GPIOPadConfigSet 
*          0    000062d4    00000138     
                  000062d4    00000138     driverlib.lib : gpio.o (i.GPIOPadConfigSet)

i.SysCtlClockSet 
*          0    0000640c    00000128     
                  0000640c    00000120     driverlib.lib : sysctl.o (i.SysCtlClockSet)
                  0000652c    00000008                   : sysctl.o (.tramp.SysCtlDelay.1)

i.UARTConfigSetExpClk 
*          0    00006534    0000006e     
                  00006534    0000006e     driverlib.lib : uart.o (i.UARTConfigSetExpClk)

i.GPIOPinConfigure 
*          0    00006608    00000044     
                  00006608    00000044     driverlib.lib : gpio.o (i.GPIOPinConfigure)

.emb_text 
*          0    0000664c    0000002e     
                  0000664c    00000026     driverlib.lib : cpu.o (.emb_text)
                  00006672    00000002     --HOLE-- [fill = 0]
                  00006674    00000006                   : sysctl.o (.emb_text)

i.SysCtlPeripheralEnable 
*          0    000066a4    00000028     
                  000066a4    00000028     driverlib.lib : sysctl.o (i.SysCtlPeripheralEnable)

i.UARTCharGetNonBlocking 
*          0    000066e8    00000010     
                  000066e8    00000010     driverlib.lib : uart.o (i.UARTCharGetNonBlocking)

i.UARTIntStatus 
*          0    0000671c    0000000a     
                  0000671c    0000000a     driverlib.lib : uart.o (i.UARTIntStatus)

.cinit     0    00006730    000000b8     
                  00006730    00000091     (.cinit..data.load) [load image, compression = lzss]
                  000067c1    00000003     --HOLE-- [fill = 0]
                  000067c4    0000000c     (__TI_handler_table)
                  000067d0    00000008     (.cinit..bss.load) [load image, compression = zero_init]
                  000067d8    00000010     (__TI_cinit_table)

.init_array 
*          0    00000000    00000000     UNINITIALIZED

.bss       0    20000000    00000754     UNINITIALIZED
                  20000000    00000400     main.obj (.bss:ringBufferData)
                  20000400    00000168     (.common:info)
                  20000568    00000120     rtsv7M4_T_le_v4SPD16_eabi.lib : trgmsg.c.obj (.bss:_CIOBUF_)
                  20000688    000000a0     (.common:__TI_tmpnams)
                  20000728    00000014     (.common:parser)
                  2000073c    00000010     main.obj (.bss:uart1Buffer)
                  2000074c    00000008     (.common:parmbuf)

.data      0    20000754    0000023c     UNINITIALIZED
                  20000754    000000f0     rtsv7M4_T_le_v4SPD16_eabi.lib : defs.c.obj (.data:_ftable)
                  20000844    00000078                                   : host_device.c.obj (.data:_device)
                  200008bc    00000050                                   : host_device.c.obj (.data:_stream)
                  2000090c    00000024                                   : localtim.c.obj (.data:local_tm)
                  20000930    00000014     parse.obj (.data:pheads$1)
                  20000944    00000010     rtsv7M4_T_le_v4SPD16_eabi.lib : tmzone.c.obj (.data:_tz)
                  20000954    00000010                                   : defs.c.obj (.data)
                  20000964    0000000c                                   : exit.c.obj (.data:$O1$$)
                  20000970    0000000c     context.obj (.data:prop$1)
                  2000097c    00000008     rtsv7M4_T_le_v4SPD16_eabi.lib : _lock.c.obj (.data:$O1$$)
                  20000984    00000008                                   : memory.c.obj (.data:$O1$$)
                  2000098c    00000004                                   : errno.c.obj (.data)

.stack     0    20000990    00000200     UNINITIALIZED
                  20000990    00000004     rtsv7M4_T_le_v4SPD16_eabi.lib : boot_cortex_m.c.obj (.stack)
                  20000994    000001fc     --HOLE--

.sysmem    0    20000b90    00000010     UNINITIALIZED
                  20000b90    00000010     rtsv7M4_T_le_v4SPD16_eabi.lib : memory.c.obj (.sysmem)

__llvm_prf_cnts 
*          0    20000000    00000000     UNINITIALIZED

i.GPIODirModeSet 
*          0    0000667a    00000028     
                  0000667a    00000028     driverlib.lib : gpio.o (i.GPIODirModeSet)

i.GPIOPinTypeUART 
*          0    000066cc    0000001c     
                  000066cc    0000001c     driverlib.lib : gpio.o (i.GPIOPinTypeUART)

i.IntEnable 
*          0    000065a4    00000064     
                  000065a4    00000064     driverlib.lib : interrupt.o (i.IntEnable)

i.IntMasterEnable 
*          0    000066f8    0000000e     
                  000066f8    0000000e     driverlib.lib : interrupt.o (i.IntMasterEnable)

i.UARTCharPut 
*          0    00006706    0000000c     
                  00006706    0000000c     driverlib.lib : uart.o (i.UARTCharPut)

i.UARTCharsAvail 
*          0    00006712    0000000a     
                  00006712    0000000a     driverlib.lib : uart.o (i.UARTCharsAvail)

i.UARTIntEnable 
*          0    00006726    00000008     
                  00006726    00000008     driverlib.lib : uart.o (i.UARTIntEnable)

MODULE SUMMARY

       Module                         code    ro data   rw data
       ------                         ----    -------   -------
    .\
       main.obj                       672     0         1420   
       tm4c123gh6pm_startup_ccs.obj   12      620       0      
    +--+------------------------------+-------+---------+---------+
       Total:                         684     620       1420   
                                                               
    .\src\
       parse.obj                      3852    38        20     
       parser.obj                     2136    0         0      
       tok.obj                        1022    0         0      
       buffer.obj                     464     0         0      
       context.obj                    204     0         12     
       time.obj                       128     0         0      
       info.obj                       38      0         0      
    +--+------------------------------+-------+---------+---------+
       Total:                         7844    38        32     
                                                               
    C:/ti/tivaware_c_series_2_1_4_178/driverlib/rvmdk/driverlib.lib
       sysctl.o                       706     596       0      
       gpio.o                         464     552       0      
       interrupt.o                    130     268       0      
       uart.o                         226     0         0      
       cpu.o                          38      0         0      
    +--+------------------------------+-------+---------+---------+
       Total:                         1564    1416      0      
                                                               
    C:\ti\ccs1281\ccs\tools\compiler\ti-cgt-arm_20.2.7.LTS\lib\rtsv7M4_T_le_v4SPD16_eabi.lib
       _printfi.c.obj                 4851    0         0      
       strtod.c.obj                   1120    200       0      
       mktime.c.obj                   672     96        0      
       memory.c.obj                   672     0         8      
       fd_add_t2.asm.obj              438     0         0      
       defs.c.obj                     0       0         416    
       trgmsg.c.obj                   108     0         288    
       localtim.c.obj                 308     0         36     
       fd_div_t2.asm.obj              310     0         0      
       strtol.c.obj                   304     0         0      
       fputs.c.obj                    276     0         0      
       s_scalbn.c.obj                 272     0         0      
       fd_cmp_t2.asm.obj              268     0         0      
       ctype.c.obj                    0       257       0      
       fd_mul_t2.asm.obj              252     0         0      
       setvbuf.c.obj                  220     0         0      
       fflush.c.obj                   200     0         0      
       host_device.c.obj              0       0         200    
       memcpy_t2.asm.obj              156     0         0      
       ull_div_t2.asm.obj             150     0         0      
       snprintf.c.obj                 148     0         0      
       vsnprintf.c.obj                136     0         0      
       memset_t2.asm.obj              122     0         0      
       fclose.c.obj                   116     0         0      
       getdevice.c.obj                116     0         0      
       ll_div_t2.asm.obj              110     0         0      
       hostrename.c.obj               108     0         0      
       copy_decompress_lzss.c.obj     104     0         0      
       hostlseek.c.obj                104     0         0      
       hostopen.c.obj                 96      0         8      
       fseek.c.obj                    100     0         0      
       s_frexp.c.obj                  100     0         0      
       _io_perm.c.obj                 98      0         0      
       close.c.obj                    92      0         0      
       exit.c.obj                     76      0         12     
       hostread.c.obj                 88      0         0      
       hostwrite.c.obj                88      0         0      
       _ltoa.c.obj                    84      0         0      
       atoi.c.obj                     76      0         0      
       fd_toi_t2.asm.obj              72      0         0      
       hosttime.c.obj                 72      0         0      
       autoinit.c.obj                 68      0         0      
       hostclose.c.obj                68      0         0      
       hostunlink.c.obj               68      0         0      
       u_divt2.asm.obj                64      0         0      
       gmtime.c.obj                   56      0         0      
       strncpy.c.obj                  54      0         0      
       boot_cortex_m.c.obj            52      0         0      
       fopen.c.obj                    52      0         0      
       i_tofd_t2.asm.obj              46      0         0      
       unlink.c.obj                   44      0         0      
       lseek.c.obj                    40      0         0      
       write.c.obj                    40      0         0      
       memcmp.c.obj                   36      0         0      
       memchr.c.obj                   32      0         0      
       assert.c.obj                   28      0         0      
       memccpy.c.obj                  28      0         0      
       s_copysign.c.obj               26      0         0      
       strcmp.c.obj                   24      0         0      
       strchr.c.obj                   22      0         0      
       strcpy.c.obj                   20      0         0      
       strlen.c.obj                   20      0         0      
       wcslen.c.obj                   18      0         0      
       isdigit.c.obj                  16      0         0      
       tmzone.c.obj                   0       0         16     
       copy_decompress_none.c.obj     14      0         0      
       time.c.obj                     14      0         0      
       copy_zero_init.c.obj           12      0         0      
       errno.c.obj                    8       0         4      
       _lock.c.obj                    2       0         8      
       pre_init.c.obj                 4       0         0      
       div0.asm.obj                   2       0         0      
    +--+------------------------------+-------+---------+---------+
       Total:                         13661   553       996    
                                                               
       Heap:                          0       0         16     
       Stack:                         0       0         512    
       Linker Generated:              0       181       0      
    +--+------------------------------+-------+---------+---------+
       Grand Total:                   23753   2808      2976   


LINKER GENERATED COPY TABLES

__TI_cinit_table @ 000067d8 records: 2, size/record: 8, table size: 16
	.data: load addr=00006730, load size=00000091 bytes, run addr=20000754, run size=0000023c bytes, compression=lzss
	.bss: load addr=000067d0, load size=00000008 bytes, run addr=20000000, run size=00000754 bytes, compression=zero_init


LINKER GENERATED HANDLER TABLE

__TI_handler_table @ 000067c4 records: 3, size/record: 4, table size: 12
	index: 0, handler: __TI_decompress_lzss
	index: 1, handler: __TI_decompress_none
	index: 2, handler: __TI_zero_init


FAR CALL TRAMPOLINES

callee name               trampoline name
   callee addr  tramp addr   call addr  call info
--------------  -----------  ---------  ----------------
IntMasterEnable           $Tramp$TT$S$$IntMasterEnable
   000066f9     0000592c     000030ec   main.obj (.text)
SysCtlClockSet            $Tramp$TT$S$$SysCtlClockSet
   0000640d     00005934     000030dc   main.obj (.text)
IntEnable                 $Tramp$TT$S$$IntEnable
   000065a5     0000593c     0000308a   main.obj (.text)
                             000030d2   main.obj (.text)
UARTIntEnable             $Tramp$TT$S$$UARTIntEnable
   00006727     00005944     00003084   main.obj (.text)
                             000030cc   main.obj (.text)
UARTConfigSetExpClk       $Tramp$TT$S$$UARTConfigSetExpClk
   00006535     0000594c     0000307c   main.obj (.text)
                             000030c4   main.obj (.text)
SysCtlClockGet            $Tramp$TT$S$$SysCtlClockGet
   00006181     00005954     0000306e   main.obj (.text)
                             000030b6   main.obj (.text)
GPIOPinTypeUART           $Tramp$TT$S$$GPIOPinTypeUART
   000066cd     0000595c     0000306a   main.obj (.text)
                             000030b2   main.obj (.text)
GPIOPinConfigure          $Tramp$TT$S$$GPIOPinConfigure
   00006609     00005964     0000305c   main.obj (.text)
                             00003062   main.obj (.text)
                             000030a0   main.obj (.text)
                             000030a8   main.obj (.text)
SysCtlPeripheralEnable    $Tramp$TT$S$$SysCtlPeripheralEnable
   000066a5     0000596c     0000304e   main.obj (.text)
                             00003054   main.obj (.text)
                             00003094   main.obj (.text)
                             0000309a   main.obj (.text)
UARTCharsAvail            $Tramp$TT$S$$UARTCharsAvail
   00006713     00005974     00002f7a   main.obj (.text)
                             00002fae   main.obj (.text)
UARTCharGetNonBlocking    $Tramp$TT$S$$UARTCharGetNonBlocking
   000066e9     0000597c     00002f66   main.obj (.text)
                             00002f9c   main.obj (.text)
UARTIntClear              $Tramp$TT$S$$UARTIntClear
   0000599d     00005984     00002f5e   main.obj (.text)
                             00002f94   main.obj (.text)
UARTIntStatus             $Tramp$TT$S$$UARTIntStatus
   0000671d     0000598c     00002f54   main.obj (.text)
                             00002f8a   main.obj (.text)
UARTCharPut               $Tramp$TT$S$$UARTCharPut
   00006707     00005994     00002f40   main.obj (.text)
                             00002f74   main.obj (.text)
SysCtlDelay               $Tramp$TT$S$$SysCtlDelay
   00006675     0000652c     00006516   driverlib.lib : sysctl.o (i.SysCtlClockSet)

[15 trampolines]
[31 trampoline calls]


GLOBAL SYMBOLS: SORTED ALPHABETICALLY BY Name 

address   name                           
-------   ----                           
00005929  C$$EXIT                        
000054e3  C$$IO$$                        
0000666d  CPUbasepriGet                  
00006667  CPUbasepriSet                  
0000664d  CPUcpsid                       
0000665b  CPUcpsie                       
00006655  CPUprimask                     
00006663  CPUwfi                         
0000667b  GPIODirModeSet                 
000062d5  GPIOPadConfigSet               
00006609  GPIOPinConfigure               
000066cd  GPIOPinTypeUART                
000052e5  HOSTclose                      
00004cc5  HOSTlseek                      
00004ec1  HOSTopen                       
00004f7d  HOSTread                       
00004c59  HOSTrename                     
0000520d  HOSTtime                       
00005329  HOSTunlink                     
00004fd5  HOSTwrite                      
00003091  InitializeUART0                
0000304b  InitializeUART1                
000065a5  IntEnable                      
000066f9  IntMasterEnable                
00002fb9  ProcessNMEAData                
00005909  ResetISR                       
00002f21  RingBuffer_Init                
00006181  SysCtlClockGet                 
0000640d  SysCtlClockSet                 
00006675  SysCtlDelay                    
000066a5  SysCtlPeripheralEnable         
00002f4f  UART0IntHandler                
00002f31  UART0_Send                     
00002f85  UART1IntHandler                
000066e9  UARTCharGetNonBlocking         
00006707  UARTCharPut                    
00006713  UARTCharsAvail                 
00006535  UARTConfigSetExpClk            
0000599d  UARTIntClear                   
00006727  UARTIntEnable                  
0000671d  UARTIntStatus                  
20000568  __CIOBUF_                      
20000b90  __STACK_END                    
00000200  __STACK_SIZE                   
20000b90  __STACK_TOP                    
00000010  __SYSMEM_SIZE                  
000067d8  __TI_CINIT_Base                
000067e8  __TI_CINIT_Limit               
000067c4  __TI_Handler_Table_Base        
000067d0  __TI_Handler_Table_Limit       
0000536d  __TI_auto_init_nobinit_nopinit 
0000555d  __TI_cleanup                   
20000964  __TI_cleanup_ptr               
00004a99  __TI_closefile                 
00004d2d  __TI_decompress_lzss           
000058ef  __TI_decompress_none           
00005129  __TI_doflush                   
20000968  __TI_dtors_ptr                 
2000096c  __TI_enable_exit_profile_output
20000954  __TI_ft_end                    
00005083  __TI_ltoa                      
ffffffff  __TI_pprof_out_hndl            
00001179  __TI_printfi                   
ffffffff  __TI_prof_data_size            
ffffffff  __TI_prof_data_start           
00005591  __TI_readmsg                   
00000000  __TI_static_base__             
20000688  __TI_tmpnams                   
000054b5  __TI_writemsg                  
00004e5d  __TI_wrt_ok                    
000058fd  __TI_zero_init                 
00004815  __aeabi_cdcmpeq                
00004815  __aeabi_cdcmple                
0000489b  __aeabi_cdrcmple               
0000529d  __aeabi_d2iz                   
000037db  __aeabi_dadd                   
00003ac5  __aeabi_ddiv                   
000042a9  __aeabi_dmul                   
000037d1  __aeabi_dsub                   
00005915  __aeabi_errno_addr             
00005689  __aeabi_i2d                    
00002c7f  __aeabi_idiv0                  
00002c7f  __aeabi_ldiv0                  
00004beb  __aeabi_ldivmod                
00004a1d  __aeabi_memclr                 
00004a1d  __aeabi_memclr4                
00004a1d  __aeabi_memclr8                
000046e3  __aeabi_memcpy                 
000046e3  __aeabi_memcpy4                
000046e3  __aeabi_memcpy8                
00004a1f  __aeabi_memset                 
00004a1f  __aeabi_memset4                
00004a1f  __aeabi_memset8                
20000960  __aeabi_stderr                 
20000958  __aeabi_stdin                  
2000095c  __aeabi_stdout                 
000053f5  __aeabi_uidiv                  
000053f5  __aeabi_uidivmod               
0000477f  __aeabi_uldivmod               
ffffffff  __binit__                      
ffffffff  __c_args__                     
000054ed  __gmtime32                     
00003bfd  __localtime32                  
00002c81  __mktime32                     
UNDEFED   __mpu_init                     
20000990  __stack                        
20000000  __start___llvm_prf_cnts        
20000000  __stop___llvm_prf_cnts         
000058e1  __time32                       
000057c9  _abort_msg                     
000055c5  _c_int00_noargs                
000059a0  _ctypes_                       
20000844  _device                        
20000754  _ftable                        
2000097c  _lock                          
0000026d  _nmea_parse_time               
00001bc7  _nop                           
200008bc  _stream                        
20000b90  _sys_memory                    
UNDEFED   _system_post_cinit             
00005925  _system_pre_init               
20000944  _tz                            
20000980  _unlock                        
00005929  abort                          
000041a9  aligned_alloc                  
00005175  atoi                           
ffffffff  binit                          
00004f21  close                          
0000581d  copysign                       
0000581d  copysignl                      
2000098c  errno                          
00005255  exit                           
000049a1  fflush                         
00005659  finddevice                     
00003f85  fputs                          
000043a5  free                           
00004d95  frexp                          
00004d95  frexpl                         
00004df9  fseek                          
00000000  g_pfnVectors                   
000053b1  getdevice                      
000054ed  gmtime                         
20000400  info                           
000058d1  isdigit                        
00004099  ldexp                          
00004099  ldexpl                         
00003bfd  localtime                      
0000570d  lseek                          
000030d9  main                           
0000591d  malloc                         
000041a9  memalign                       
00005801  memccpy                        
000057a7  memchr                         
00005783  memcmp                         
000046e3  memcpy                         
00004a25  memset                         
00002c81  mktime                         
00000b37  nmea_GPGGA2info                
00000c55  nmea_GPGSA2info                
00000e0b  nmea_GPGSV2info                
00000f6b  nmea_GPRMC2info                
0000104f  nmea_GPVTG2info                
000028f5  nmea_atof                      
000028b9  nmea_atoi                      
00002881  nmea_calc_crc                  
000045d9  nmea_error                     
00000379  nmea_find_tail                 
00000301  nmea_pack_type                 
00001c51  nmea_parse                     
000004b1  nmea_parse_GPGGA               
000005ed  nmea_parse_GPGSA               
000006f9  nmea_parse_GPGSV               
000008d1  nmea_parse_GPRMC               
00000a49  nmea_parse_GPVTG               
0000220f  nmea_parser_buff_clear         
00001c1d  nmea_parser_destroy            
000021b5  nmea_parser_drop               
00001bc9  nmea_parser_init               
0000216d  nmea_parser_peek               
00002111  nmea_parser_pop                
00002047  nmea_parser_push               
00002233  nmea_parser_queue_clear        
00001de7  nmea_parser_real_push          
000020df  nmea_parser_top                
0000293d  nmea_printf                    
00004565  nmea_property                  
000029d9  nmea_scanf                     
00004921  nmea_time_now                  
00004569  nmea_trace                     
000045b9  nmea_trace_buff                
0000575d  nmea_zero_INFO                 
2000074c  parmbuf                        
20000728  parser                         
000056b9  remove                         
00003627  ring_buffer_destroy            
000037bb  ring_buffer_flush              
00003755  ring_buffer_get_available      
00003797  ring_buffer_get_free           
00003601  ring_buffer_init               
00003719  ring_buffer_read               
000036d3  ring_buffer_readByte           
000037ad  ring_buffer_resize             
00003631  ring_buffer_write              
0000366b  ring_buffer_writeByte          
000036c5  ring_buffer_writezeros         
00004099  scalbn                         
00004099  scalbnl                        
00004489  setvbuf                        
000051c1  snprintf                       
0000587f  strchr                         
00005867  strcmp                         
00005895  strcpy                         
000058a9  strlen                         
00005525  strncpy                        
00002421  strtod                         
00003d31  strtol                         
00002421  strtold                        
000058e1  time                           
000056b9  unlink                         
00005435  vsnprintf                      
000058bd  wcslen                         
00005735  write                          


GLOBAL SYMBOLS: SORTED BY Symbol Address 

address   name                           
-------   ----                           
00000000  __TI_static_base__             
00000000  g_pfnVectors                   
00000010  __SYSMEM_SIZE                  
00000200  __STACK_SIZE                   
0000026d  _nmea_parse_time               
00000301  nmea_pack_type                 
00000379  nmea_find_tail                 
000004b1  nmea_parse_GPGGA               
000005ed  nmea_parse_GPGSA               
000006f9  nmea_parse_GPGSV               
000008d1  nmea_parse_GPRMC               
00000a49  nmea_parse_GPVTG               
00000b37  nmea_GPGGA2info                
00000c55  nmea_GPGSA2info                
00000e0b  nmea_GPGSV2info                
00000f6b  nmea_GPRMC2info                
0000104f  nmea_GPVTG2info                
00001179  __TI_printfi                   
00001bc7  _nop                           
00001bc9  nmea_parser_init               
00001c1d  nmea_parser_destroy            
00001c51  nmea_parse                     
00001de7  nmea_parser_real_push          
00002047  nmea_parser_push               
000020df  nmea_parser_top                
00002111  nmea_parser_pop                
0000216d  nmea_parser_peek               
000021b5  nmea_parser_drop               
0000220f  nmea_parser_buff_clear         
00002233  nmea_parser_queue_clear        
00002421  strtod                         
00002421  strtold                        
00002881  nmea_calc_crc                  
000028b9  nmea_atoi                      
000028f5  nmea_atof                      
0000293d  nmea_printf                    
000029d9  nmea_scanf                     
00002c7f  __aeabi_idiv0                  
00002c7f  __aeabi_ldiv0                  
00002c81  __mktime32                     
00002c81  mktime                         
00002f21  RingBuffer_Init                
00002f31  UART0_Send                     
00002f4f  UART0IntHandler                
00002f85  UART1IntHandler                
00002fb9  ProcessNMEAData                
0000304b  InitializeUART1                
00003091  InitializeUART0                
000030d9  main                           
00003601  ring_buffer_init               
00003627  ring_buffer_destroy            
00003631  ring_buffer_write              
0000366b  ring_buffer_writeByte          
000036c5  ring_buffer_writezeros         
000036d3  ring_buffer_readByte           
00003719  ring_buffer_read               
00003755  ring_buffer_get_available      
00003797  ring_buffer_get_free           
000037ad  ring_buffer_resize             
000037bb  ring_buffer_flush              
000037d1  __aeabi_dsub                   
000037db  __aeabi_dadd                   
00003ac5  __aeabi_ddiv                   
00003bfd  __localtime32                  
00003bfd  localtime                      
00003d31  strtol                         
00003f85  fputs                          
00004099  ldexp                          
00004099  ldexpl                         
00004099  scalbn                         
00004099  scalbnl                        
000041a9  aligned_alloc                  
000041a9  memalign                       
000042a9  __aeabi_dmul                   
000043a5  free                           
00004489  setvbuf                        
00004565  nmea_property                  
00004569  nmea_trace                     
000045b9  nmea_trace_buff                
000045d9  nmea_error                     
000046e3  __aeabi_memcpy                 
000046e3  __aeabi_memcpy4                
000046e3  __aeabi_memcpy8                
000046e3  memcpy                         
0000477f  __aeabi_uldivmod               
00004815  __aeabi_cdcmpeq                
00004815  __aeabi_cdcmple                
0000489b  __aeabi_cdrcmple               
00004921  nmea_time_now                  
000049a1  fflush                         
00004a1d  __aeabi_memclr                 
00004a1d  __aeabi_memclr4                
00004a1d  __aeabi_memclr8                
00004a1f  __aeabi_memset                 
00004a1f  __aeabi_memset4                
00004a1f  __aeabi_memset8                
00004a25  memset                         
00004a99  __TI_closefile                 
00004beb  __aeabi_ldivmod                
00004c59  HOSTrename                     
00004cc5  HOSTlseek                      
00004d2d  __TI_decompress_lzss           
00004d95  frexp                          
00004d95  frexpl                         
00004df9  fseek                          
00004e5d  __TI_wrt_ok                    
00004ec1  HOSTopen                       
00004f21  close                          
00004f7d  HOSTread                       
00004fd5  HOSTwrite                      
00005083  __TI_ltoa                      
00005129  __TI_doflush                   
00005175  atoi                           
000051c1  snprintf                       
0000520d  HOSTtime                       
00005255  exit                           
0000529d  __aeabi_d2iz                   
000052e5  HOSTclose                      
00005329  HOSTunlink                     
0000536d  __TI_auto_init_nobinit_nopinit 
000053b1  getdevice                      
000053f5  __aeabi_uidiv                  
000053f5  __aeabi_uidivmod               
00005435  vsnprintf                      
000054b5  __TI_writemsg                  
000054e3  C$$IO$$                        
000054ed  __gmtime32                     
000054ed  gmtime                         
00005525  strncpy                        
0000555d  __TI_cleanup                   
00005591  __TI_readmsg                   
000055c5  _c_int00_noargs                
00005659  finddevice                     
00005689  __aeabi_i2d                    
000056b9  remove                         
000056b9  unlink                         
0000570d  lseek                          
00005735  write                          
0000575d  nmea_zero_INFO                 
00005783  memcmp                         
000057a7  memchr                         
000057c9  _abort_msg                     
00005801  memccpy                        
0000581d  copysign                       
0000581d  copysignl                      
00005867  strcmp                         
0000587f  strchr                         
00005895  strcpy                         
000058a9  strlen                         
000058bd  wcslen                         
000058d1  isdigit                        
000058e1  __time32                       
000058e1  time                           
000058ef  __TI_decompress_none           
000058fd  __TI_zero_init                 
00005909  ResetISR                       
00005915  __aeabi_errno_addr             
0000591d  malloc                         
00005925  _system_pre_init               
00005929  C$$EXIT                        
00005929  abort                          
0000599d  UARTIntClear                   
000059a0  _ctypes_                       
00006181  SysCtlClockGet                 
000062d5  GPIOPadConfigSet               
0000640d  SysCtlClockSet                 
00006535  UARTConfigSetExpClk            
000065a5  IntEnable                      
00006609  GPIOPinConfigure               
0000664d  CPUcpsid                       
00006655  CPUprimask                     
0000665b  CPUcpsie                       
00006663  CPUwfi                         
00006667  CPUbasepriSet                  
0000666d  CPUbasepriGet                  
00006675  SysCtlDelay                    
0000667b  GPIODirModeSet                 
000066a5  SysCtlPeripheralEnable         
000066cd  GPIOPinTypeUART                
000066e9  UARTCharGetNonBlocking         
000066f9  IntMasterEnable                
00006707  UARTCharPut                    
00006713  UARTCharsAvail                 
0000671d  UARTIntStatus                  
00006727  UARTIntEnable                  
000067c4  __TI_Handler_Table_Base        
000067d0  __TI_Handler_Table_Limit       
000067d8  __TI_CINIT_Base                
000067e8  __TI_CINIT_Limit               
20000000  __start___llvm_prf_cnts        
20000000  __stop___llvm_prf_cnts         
20000400  info                           
20000568  __CIOBUF_                      
20000688  __TI_tmpnams                   
20000728  parser                         
2000074c  parmbuf                        
20000754  _ftable                        
20000844  _device                        
200008bc  _stream                        
20000944  _tz                            
20000954  __TI_ft_end                    
20000958  __aeabi_stdin                  
2000095c  __aeabi_stdout                 
20000960  __aeabi_stderr                 
20000964  __TI_cleanup_ptr               
20000968  __TI_dtors_ptr                 
2000096c  __TI_enable_exit_profile_output
2000097c  _lock                          
20000980  _unlock                        
2000098c  errno                          
20000990  __stack                        
20000b90  __STACK_END                    
20000b90  __STACK_TOP                    
20000b90  _sys_memory                    
ffffffff  __TI_pprof_out_hndl            
ffffffff  __TI_prof_data_size            
ffffffff  __TI_prof_data_start           
ffffffff  __binit__                      
ffffffff  __c_args__                     
ffffffff  binit                          
UNDEFED   __mpu_init                     
UNDEFED   _system_post_cinit             

[222 symbols]
